Archive member included to satisfy reference by file (symbol)

/opt/st/stm32cubeide_1.18.1/plugins/com.st.stm32cube.ide.mcu.externaltools.gnu-tools-for-stm32.13.3.rel1.linux64_1.0.0.202410170706/tools/bin/../lib/gcc/arm-none-eabi/13.3.1/../../../../arm-none-eabi/lib/thumb/v7e-m+fp/hard/libc_nano.a(libc_a-exit.o)
                              /opt/st/stm32cubeide_1.18.1/plugins/com.st.stm32cube.ide.mcu.externaltools.gnu-tools-for-stm32.13.3.rel1.linux64_1.0.0.202410170706/tools/bin/../lib/gcc/arm-none-eabi/13.3.1/../../../../arm-none-eabi/lib/thumb/v7e-m+fp/hard/crt0.o (exit)
/opt/st/stm32cubeide_1.18.1/plugins/com.st.stm32cube.ide.mcu.externaltools.gnu-tools-for-stm32.13.3.rel1.linux64_1.0.0.202410170706/tools/bin/../lib/gcc/arm-none-eabi/13.3.1/../../../../arm-none-eabi/lib/thumb/v7e-m+fp/hard/libc_nano.a(libc_a-findfp.o)
                              /opt/st/stm32cubeide_1.18.1/plugins/com.st.stm32cube.ide.mcu.externaltools.gnu-tools-for-stm32.13.3.rel1.linux64_1.0.0.202410170706/tools/bin/../lib/gcc/arm-none-eabi/13.3.1/../../../../arm-none-eabi/lib/thumb/v7e-m+fp/hard/libc_nano.a(libc_a-exit.o) (__stdio_exit_handler)
/opt/st/stm32cubeide_1.18.1/plugins/com.st.stm32cube.ide.mcu.externaltools.gnu-tools-for-stm32.13.3.rel1.linux64_1.0.0.202410170706/tools/bin/../lib/gcc/arm-none-eabi/13.3.1/../../../../arm-none-eabi/lib/thumb/v7e-m+fp/hard/libc_nano.a(libc_a-fwalk.o)
                              /opt/st/stm32cubeide_1.18.1/plugins/com.st.stm32cube.ide.mcu.externaltools.gnu-tools-for-stm32.13.3.rel1.linux64_1.0.0.202410170706/tools/bin/../lib/gcc/arm-none-eabi/13.3.1/../../../../arm-none-eabi/lib/thumb/v7e-m+fp/hard/libc_nano.a(libc_a-findfp.o) (_fwalk_sglue)
/opt/st/stm32cubeide_1.18.1/plugins/com.st.stm32cube.ide.mcu.externaltools.gnu-tools-for-stm32.13.3.rel1.linux64_1.0.0.202410170706/tools/bin/../lib/gcc/arm-none-eabi/13.3.1/../../../../arm-none-eabi/lib/thumb/v7e-m+fp/hard/libc_nano.a(libc_a-stdio.o)
                              /opt/st/stm32cubeide_1.18.1/plugins/com.st.stm32cube.ide.mcu.externaltools.gnu-tools-for-stm32.13.3.rel1.linux64_1.0.0.202410170706/tools/bin/../lib/gcc/arm-none-eabi/13.3.1/../../../../arm-none-eabi/lib/thumb/v7e-m+fp/hard/libc_nano.a(libc_a-findfp.o) (__sread)
/opt/st/stm32cubeide_1.18.1/plugins/com.st.stm32cube.ide.mcu.externaltools.gnu-tools-for-stm32.13.3.rel1.linux64_1.0.0.202410170706/tools/bin/../lib/gcc/arm-none-eabi/13.3.1/../../../../arm-none-eabi/lib/thumb/v7e-m+fp/hard/libc_nano.a(libc_a-memset.o)
                              /opt/st/stm32cubeide_1.18.1/plugins/com.st.stm32cube.ide.mcu.externaltools.gnu-tools-for-stm32.13.3.rel1.linux64_1.0.0.202410170706/tools/bin/../lib/gcc/arm-none-eabi/13.3.1/../../../../arm-none-eabi/lib/thumb/v7e-m+fp/hard/crt0.o (memset)
/opt/st/stm32cubeide_1.18.1/plugins/com.st.stm32cube.ide.mcu.externaltools.gnu-tools-for-stm32.13.3.rel1.linux64_1.0.0.202410170706/tools/bin/../lib/gcc/arm-none-eabi/13.3.1/../../../../arm-none-eabi/lib/thumb/v7e-m+fp/hard/libc_nano.a(libc_a-closer.o)
                              /opt/st/stm32cubeide_1.18.1/plugins/com.st.stm32cube.ide.mcu.externaltools.gnu-tools-for-stm32.13.3.rel1.linux64_1.0.0.202410170706/tools/bin/../lib/gcc/arm-none-eabi/13.3.1/../../../../arm-none-eabi/lib/thumb/v7e-m+fp/hard/libc_nano.a(libc_a-stdio.o) (_close_r)
/opt/st/stm32cubeide_1.18.1/plugins/com.st.stm32cube.ide.mcu.externaltools.gnu-tools-for-stm32.13.3.rel1.linux64_1.0.0.202410170706/tools/bin/../lib/gcc/arm-none-eabi/13.3.1/../../../../arm-none-eabi/lib/thumb/v7e-m+fp/hard/libc_nano.a(libc_a-reent.o)
                              /opt/st/stm32cubeide_1.18.1/plugins/com.st.stm32cube.ide.mcu.externaltools.gnu-tools-for-stm32.13.3.rel1.linux64_1.0.0.202410170706/tools/bin/../lib/gcc/arm-none-eabi/13.3.1/../../../../arm-none-eabi/lib/thumb/v7e-m+fp/hard/libc_nano.a(libc_a-closer.o) (errno)
/opt/st/stm32cubeide_1.18.1/plugins/com.st.stm32cube.ide.mcu.externaltools.gnu-tools-for-stm32.13.3.rel1.linux64_1.0.0.202410170706/tools/bin/../lib/gcc/arm-none-eabi/13.3.1/../../../../arm-none-eabi/lib/thumb/v7e-m+fp/hard/libc_nano.a(libc_a-impure.o)
                              /opt/st/stm32cubeide_1.18.1/plugins/com.st.stm32cube.ide.mcu.externaltools.gnu-tools-for-stm32.13.3.rel1.linux64_1.0.0.202410170706/tools/bin/../lib/gcc/arm-none-eabi/13.3.1/../../../../arm-none-eabi/lib/thumb/v7e-m+fp/hard/libc_nano.a(libc_a-reent.o) (_impure_ptr)
/opt/st/stm32cubeide_1.18.1/plugins/com.st.stm32cube.ide.mcu.externaltools.gnu-tools-for-stm32.13.3.rel1.linux64_1.0.0.202410170706/tools/bin/../lib/gcc/arm-none-eabi/13.3.1/../../../../arm-none-eabi/lib/thumb/v7e-m+fp/hard/libc_nano.a(libc_a-lseekr.o)
                              /opt/st/stm32cubeide_1.18.1/plugins/com.st.stm32cube.ide.mcu.externaltools.gnu-tools-for-stm32.13.3.rel1.linux64_1.0.0.202410170706/tools/bin/../lib/gcc/arm-none-eabi/13.3.1/../../../../arm-none-eabi/lib/thumb/v7e-m+fp/hard/libc_nano.a(libc_a-stdio.o) (_lseek_r)
[...]
Memory Configuration

Name             Origin             Length             Attributes
CCMRAM           0x10000000         0x00001000         xrw
RAM              0x20000000         0x00003000         xrw
FLASH            0x08000000         0x00010000         xr
*default*        0x00000000         0xffffffff

Linker script and memory map

LOAD /opt/st/stm32cubeide_1.18.1/plugins/com.st.stm32cube.ide.mcu.externaltools.gnu-tools-for-stm32.13.3.rel1.linux64_1.0.0.202410170706/tools/bin/../lib/gcc/arm-none-eabi/13.3.1/thumb/v7e-m+fp/hard/crti.o
LOAD /opt/st/stm32cubeide_1.18.1/plugins/com.st.stm32cube.ide.mcu.externaltools.gnu-tools-for-stm32.13.3.rel1.linux64_1.0.0.202410170706/tools/bin/../lib/gcc/arm-none-eabi/13.3.1/thumb/v7e-m+fp/hard/crtbegin.o
LOAD /opt/st/stm32cubeide_1.18.1/plugins/com.st.stm32cube.ide.mcu.externaltools.gnu-tools-for-stm32.13.3.rel1.linux64_1.0.0.202410170706/tools/bin/../lib/gcc/arm-none-eabi/13.3.1/../../../../arm-none-eabi/lib/thumb/v7e-m+fp/hard/crt0.o
LOAD ./Core/Src/control.o
LOAD ./Core/Src/main.o
LOAD ./Core/Src/stm32f3xx_hal_msp.o
LOAD ./Core/Src/stm32f3xx_it.o
LOAD ./Core/Src/syscalls.o
LOAD ./Core/Src/sysmem.o
LOAD ./Core/Src/system_stm32f3xx.o
LOAD ./Core/Src/uart_comm.o
LOAD ./Core/Startup/startup_stm32f303k8tx.o
LOAD ./Drivers/STM32F3xx_HAL_Driver/Src/stm32f3xx_hal.o
LOAD ./Drivers/STM32F3xx_HAL_Driver/Src/stm32f3xx_hal_cortex.o
LOAD ./Drivers/STM32F3xx_HAL_Driver/Src/stm32f3xx_hal_dma.o
LOAD ./Drivers/STM32F3xx_HAL_Driver/Src/stm32f3xx_hal_exti.o
LOAD ./Drivers/STM32F3xx_HAL_Driver/Src/stm32f3xx_hal_flash.o
LOAD ./Drivers/STM32F3xx_HAL_Driver/Src/stm32f3xx_hal_flash_ex.o
LOAD ./Drivers/STM32F3xx_HAL_Driver/Src/stm32f3xx_hal_gpio.o
LOAD ./Drivers/STM32F3xx_HAL_Driver/Src/stm32f3xx_hal_i2c.o
LOAD ./Drivers/STM32F3xx_HAL_Driver/Src/stm32f3xx_hal_i2c_ex.o
LOAD ./Drivers/STM32F3xx_HAL_Driver/Src/stm32f3xx_hal_pwr.o
LOAD ./Drivers/STM32F3xx_HAL_Driver/Src/stm32f3xx_hal_pwr_ex.o
LOAD ./Drivers/STM32F3xx_HAL_Driver/Src/stm32f3xx_hal_rcc.o
LOAD ./Drivers/STM32F3xx_HAL_Driver/Src/stm32f3xx_hal_rcc_ex.o
LOAD ./Drivers/STM32F3xx_HAL_Driver/Src/stm32f3xx_hal_tim.o
LOAD ./Drivers/STM32F3xx_HAL_Driver/Src/stm32f3xx_hal_tim_ex.o
LOAD ./Drivers/STM32F3xx_HAL_Driver/Src/stm32f3xx_hal_uart.o
LOAD ./Drivers/STM32F3xx_HAL_Driver/Src/stm32f3xx_hal_uart_ex.o
LOAD ./Drivers/mpu6500/mpu6500.o
START GROUP
LOAD /opt/st/stm32cubeide_1.18.1/plugins/com.st.stm32cube.ide.mcu.externaltools.gnu-tools-for-stm32.13.3.rel1.linux64_1.0.0.202410170706/tools/bin/../lib/gcc/arm-none-eabi/13.3.1/../../../../arm-none-eabi/lib/thumb/v7e-m+fp/hard/libc_nano.a
LOAD /opt/st/stm32cubeide_1.18.1/plugins/com.st.stm32cube.ide.mcu.externaltools.gnu-tools-for-stm32.13.3.rel1.linux64_1.0.0.202410170706/tools/bin/../lib/gcc/arm-none-eabi/13.3.1/../../../../arm-none-eabi/lib/thumb/v7e-m+fp/hard/libm.a
END GROUP
START GROUP
LOAD /opt/st/stm32cubeide_1.18.1/plugins/com.st.stm32cube.ide.mcu.externaltools.gnu-tools-for-stm32.13.3.rel1.linux64_1.0.0.202410170706/tools/bin/../lib/gcc/arm-none-eabi/13.3.1/thumb/v7e-m+fp/hard/libgcc.a
LOAD /opt/st/stm32cubeide_1.18.1/plugins/com.st.stm32cube.ide.mcu.externaltools.gnu-tools-for-stm32.13.3.rel1.linux64_1.0.0.202410170706/tools/bin/../lib/gcc/arm-none-eabi/13.3.1/../../../../arm-none-eabi/lib/thumb/v7e-m+fp/hard/libc_nano.a
END GROUP
START GROUP
LOAD /opt/st/stm32cubeide_1.18.1/plugins/com.st.stm32cube.ide.mcu.externaltools.gnu-tools-for-stm32.13.3.rel1.linux64_1.0.0.202410170706/tools/bin/../lib/gcc/arm-none-eabi/13.3.1/thumb/v7e-m+fp/hard/libgcc.a
LOAD /opt/st/stm32cubeide_1.18.1/plugins/com.st.stm32cube.ide.mcu.externaltools.gnu-tools-for-stm32.13.3.rel1.linux64_1.0.0.202410170706/tools/bin/../lib/gcc/arm-none-eabi/13.3.1/../../../../arm-none-eabi/lib/thumb/v7e-m+fp/hard/libc_nano.a
LOAD /opt/st/stm32cubeide_1.18.1/plugins/com.st.stm32cube.ide.mcu.externaltools.gnu-tools-for-stm32.13.3.rel1.linux64_1.0.0.202410170706/tools/bin/../lib/gcc/arm-none-eabi/13.3.1/../../../../arm-none-eabi/lib/thumb/v7e-m+fp/hard/libnosys.a
END GROUP
START GROUP
LOAD /opt/st/stm32cubeide_1.18.1/plugins/com.st.stm32cube.ide.mcu.externaltools.gnu-tools-for-stm32.13.3.rel1.linux64_1.0.0.202410170706/tools/bin/../lib/gcc/arm-none-eabi/13.3.1/thumb/v7e-m+fp/hard/libgcc.a
LOAD /opt/st/stm32cubeide_1.18.1/plugins/com.st.stm32cube.ide.mcu.externaltools.gnu-tools-for-stm32.13.3.rel1.linux64_1.0.0.202410170706/tools/bin/../lib/gcc/arm-none-eabi/13.3.1/../../../../arm-none-eabi/lib/thumb/v7e-m+fp/hard/libc_nano.a
LOAD /opt/st/stm32cubeide_1.18.1/plugins/com.st.stm32cube.ide.mcu.externaltools.gnu-tools-for-stm32.13.3.rel1.linux64_1.0.0.202410170706/tools/bin/../lib/gcc/arm-none-eabi/13.3.1/../../../../arm-none-eabi/lib/thumb/v7e-m+fp/hard/libnosys.a
END GROUP
LOAD /opt/st/stm32cubeide_1.18.1/plugins/com.st.stm32cube.ide.mcu.externaltools.gnu-tools-for-stm32.13.3.rel1.linux64_1.0.0.202410170706/tools/bin/../lib/gcc/arm-none-eabi/13.3.1/thumb/v7e-m+fp/hard/crtend.o
LOAD /opt/st/stm32cubeide_1.18.1/plugins/com.st.stm32cube.ide.mcu.externaltools.gnu-tools-for-stm32.13.3.rel1.linux64_1.0.0.202410170706/tools/bin/../lib/gcc/arm-none-eabi/13.3.1/thumb/v7e-m+fp/hard/crtn.o
                0x20003000                        _estack = (ORIGIN (RAM) + LENGTH (RAM))
                0x00000200                        _Min_Heap_Size = 0x200
                0x00000400                        _Min_Stack_Size = 0x400

.isr_vector     0x08000000      0x188
                0x08000000                        . = ALIGN (0x4)
 *(.isr_vector)
 .isr_vector    0x08000000      0x188 ./Core/Startup/startup_stm32f303k8tx.o
                0x08000000                g_pfnVectors
                0x08000188                        . = ALIGN (0x4)

.text           0x08000188     0x6924
                0x08000188                        . = ALIGN (0x4)
 *(.text)
 .text          0x08000188       0x40 /opt/st/stm32cubeide_1.18.1/plugins/com.st.stm32cube.ide.mcu.externaltools.gnu-tools-for-stm32.13.3.rel1.linux64_1.0.0.202410170706/tools/bin/../lib/gcc/arm-none-eabi/13.3.1/thumb/v7e-m+fp/hard/crtbegin.o
 *(.text*)
 .text.DC_Motor_Init
                0x080001c8       0x42 ./Core/Src/control.o
                0x080001c8                DC_Motor_Init
 .text.DC_Motor_Set
                0x0800020a      0x152 ./Core/Src/control.o
                0x0800020a                DC_Motor_Set
 .text.tank_control
                0x0800035c      0x254 ./Core/Src/control.o
                0x0800035c                tank_control
 .text.main     0x080005b0       0xe4 ./Core/Src/main.o
                0x080005b0                main
 .text.SystemClock_Config
                0x08000694       0xb6 ./Core/Src/main.o
                0x08000694                SystemClock_Config
 *fill*         0x0800074a        0x2 
 .text.MX_I2C1_Init
                0x0800074c       0x80 ./Core/Src/main.o
 .text.MX_TIM1_Init
                0x080007cc      0x170 ./Core/Src/main.o
 .text.MX_USART2_UART_Init
                0x0800093c       0x60 ./Core/Src/main.o
 .text.MX_DMA_Init
                0x0800099c       0x4c ./Core/Src/main.o
 .text.MX_GPIO_Init
                0x080009e8       0x94 ./Core/Src/main.o
 .text.Error_Handler
                0x08000a7c        0xc ./Core/Src/main.o
                0x08000a7c                Error_Handler
 .text.HAL_MspInit
                0x08000a88       0x48 ./Core/Src/stm32f3xx_hal_msp.o
                0x08000a88                HAL_MspInit
 .text.HAL_I2C_MspInit
                0x08000ad0       0x88 ./Core/Src/stm32f3xx_hal_msp.o
                0x08000ad0                HAL_I2C_MspInit
 .text.HAL_TIM_Base_MspInit
                0x08000b58       0x40 ./Core/Src/stm32f3xx_hal_msp.o
                0x08000b58                HAL_TIM_Base_MspInit
 .text.HAL_TIM_MspPostInit
                0x08000b98       0x70 ./Core/Src/stm32f3xx_hal_msp.o
                0x08000b98                HAL_TIM_MspPostInit
 .text.HAL_UART_MspInit
                0x08000c08      0x140 ./Core/Src/stm32f3xx_hal_msp.o
                0x08000c08                HAL_UART_MspInit
 .text.USART2_IRQHandler
                0x08000d48       0x18 ./Core/Src/stm32f3xx_it.o
                0x08000d48                USART2_IRQHandler
 .text.NMI_Handler
                0x08000d60        0x8 ./Core/Src/stm32f3xx_it.o
                0x08000d60                NMI_Handler
 .text.HardFault_Handler
                0x08000d68        0x8 ./Core/Src/stm32f3xx_it.o
                0x08000d68                HardFault_Handler
 .text.MemManage_Handler
                0x08000d70        0x8 ./Core/Src/stm32f3xx_it.o
                0x08000d70                MemManage_Handler
 .text.BusFault_Handler
                0x08000d78        0x8 ./Core/Src/stm32f3xx_it.o
                0x08000d78                BusFault_Handler
 .text.UsageFault_Handler
                0x08000d80        0x8 ./Core/Src/stm32f3xx_it.o
                0x08000d80                UsageFault_Handler
 .text.SVC_Handler
                0x08000d88        0xe ./Core/Src/stm32f3xx_it.o
                0x08000d88                SVC_Handler
 .text.DebugMon_Handler
                0x08000d96        0xe ./Core/Src/stm32f3xx_it.o
                0x08000d96                DebugMon_Handler
 .text.PendSV_Handler
                0x08000da4        0xe ./Core/Src/stm32f3xx_it.o
                0x08000da4                PendSV_Handler
 .text.SysTick_Handler
                0x08000db2        0xc ./Core/Src/stm32f3xx_it.o
                0x08000db2                SysTick_Handler
 *fill*         0x08000dbe        0x2 
 .text.DMA1_Channel6_IRQHandler
                0x08000dc0       0x14 ./Core/Src/stm32f3xx_it.o
                0x08000dc0                DMA1_Channel6_IRQHandler
 .text.DMA1_Channel7_IRQHandler
                0x08000dd4       0x14 ./Core/Src/stm32f3xx_it.o
                0x08000dd4                DMA1_Channel7_IRQHandler
 .text.SystemInit
                0x08000de8       0x24 ./Core/Src/system_stm32f3xx.o
                0x08000de8                SystemInit
 .text.crc16_ccitt_false
                0x08000e0c       0x84 ./Core/Src/uart_comm.o
 .text.rb_push  0x08000e90       0x64 ./Core/Src/uart_comm.o
 .text.rb_peek  0x08000ef4       0x88 ./Core/Src/uart_comm.o
 .text.rb_drop  0x08000f7c       0x7c ./Core/Src/uart_comm.o
 .text.uartcomm_drain_dma_to_rb
                0x08000ff8       0xfc ./Core/Src/uart_comm.o
 .text.uartcomm_on_dma_rx_event
                0x080010f4       0x30 ./Core/Src/uart_comm.o
 .text.UARTComm_Init
                0x08001124      0x130 ./Core/Src/uart_comm.o
                0x08001124                UARTComm_Init
 .text.UARTComm_TransmitDMA
                0x08001254       0x78 ./Core/Src/uart_comm.o
                0x08001254                UARTComm_TransmitDMA
 .text.HAL_UART_TxCpltCallback
                0x080012cc       0x2c ./Core/Src/uart_comm.o
                0x080012cc                HAL_UART_TxCpltCallback
 .text.HAL_UART_RxHalfCpltCallback
                0x080012f8       0x28 ./Core/Src/uart_comm.o
                0x080012f8                HAL_UART_RxHalfCpltCallback
 .text.HAL_UART_RxCpltCallback
                0x08001320       0x28 ./Core/Src/uart_comm.o
                0x08001320                HAL_UART_RxCpltCallback
 .text.UARTComm_OnUartIrq
                0x08001348       0x14 ./Core/Src/uart_comm.o
                0x08001348                UARTComm_OnUartIrq
 .text.parse_one_frame
                0x0800135c      0x104 ./Core/Src/uart_comm.o
 .text.UARTComm_Process
                0x08001460       0x60 ./Core/Src/uart_comm.o
                0x08001460                UARTComm_Process
 .text.UARTComm_SendFloat
                0x080014c0       0x50 ./Core/Src/uart_comm.o
                0x080014c0                UARTComm_SendFloat
 .text.read_angular_input
                0x08001510       0x2c ./Core/Src/uart_comm.o
                0x08001510                read_angular_input
 .text.Reset_Handler
                0x0800153c       0x50 ./Core/Startup/startup_stm32f303k8tx.o
                0x0800153c                Reset_Handler
 .text.Default_Handler
                0x0800158c        0x2 ./Core/Startup/startup_stm32f303k8tx.o
                0x0800158c                RTC_Alarm_IRQHandler
                0x0800158c                TIM1_CC_IRQHandler
                0x0800158c                PVD_IRQHandler
                0x0800158c                TAMP_STAMP_IRQHandler
                0x0800158c                EXTI3_IRQHandler
                0x0800158c                EXTI0_IRQHandler
                0x0800158c                FPU_IRQHandler
                0x0800158c                CAN_TX_IRQHandler
                0x0800158c                TIM1_UP_TIM16_IRQHandler
                0x0800158c                ADC1_2_IRQHandler
                0x0800158c                SPI1_IRQHandler
                0x0800158c                CAN_SCE_IRQHandler
                0x0800158c                DMA1_Channel4_IRQHandler
                0x0800158c                USART3_IRQHandler
                0x0800158c                TIM7_DAC2_IRQHandler
                0x0800158c                CAN_RX1_IRQHandler
                0x0800158c                I2C1_EV_IRQHandler
                0x0800158c                TIM3_IRQHandler
                0x0800158c                RCC_IRQHandler
                0x0800158c                DMA1_Channel1_IRQHandler
                0x0800158c                Default_Handler
                0x0800158c                EXTI15_10_IRQHandler
                0x0800158c                COMP2_IRQHandler
                0x0800158c                TIM6_DAC1_IRQHandler
                0x0800158c                EXTI9_5_IRQHandler
                0x0800158c                RTC_WKUP_IRQHandler
                0x0800158c                DMA1_Channel5_IRQHandler
                0x0800158c                EXTI4_IRQHandler
                0x0800158c                TIM1_TRG_COM_TIM17_IRQHandler
                0x0800158c                DMA1_Channel3_IRQHandler
                0x0800158c                WWDG_IRQHandler
                0x0800158c                TIM2_IRQHandler
                0x0800158c                EXTI1_IRQHandler
                0x0800158c                COMP4_6_IRQHandler
                0x0800158c                DMA1_Channel2_IRQHandler
                0x0800158c                FLASH_IRQHandler
                0x0800158c                USART1_IRQHandler
                0x0800158c                CAN_RX0_IRQHandler
                0x0800158c                I2C1_ER_IRQHandler
                0x0800158c                EXTI2_TSC_IRQHandler
                0x0800158c                TIM1_BRK_TIM15_IRQHandler
 *fill*         0x0800158e        0x2 
 .text.HAL_Init
                0x08001590       0x2c ./Drivers/STM32F3xx_HAL_Driver/Src/stm32f3xx_hal.o
                0x08001590                HAL_Init
 .text.HAL_InitTick
                0x080015bc       0x60 ./Drivers/STM32F3xx_HAL_Driver/Src/stm32f3xx_hal.o
                0x080015bc                HAL_InitTick
 .text.HAL_IncTick
                0x0800161c       0x28 ./Drivers/STM32F3xx_HAL_Driver/Src/stm32f3xx_hal.o
                0x0800161c                HAL_IncTick
 .text.HAL_GetTick
                0x08001644       0x18 ./Drivers/STM32F3xx_HAL_Driver/Src/stm32f3xx_hal.o
                0x08001644                HAL_GetTick
 .text.HAL_Delay
                0x0800165c       0x48 ./Drivers/STM32F3xx_HAL_Driver/Src/stm32f3xx_hal.o
                0x0800165c                HAL_Delay
 .text.__NVIC_SetPriorityGrouping
                0x080016a4       0x48 ./Drivers/STM32F3xx_HAL_Driver/Src/stm32f3xx_hal_cortex.o
 .text.__NVIC_GetPriorityGrouping
                0x080016ec       0x1c ./Drivers/STM32F3xx_HAL_Driver/Src/stm32f3xx_hal_cortex.o
 .text.__NVIC_EnableIRQ
                0x08001708       0x3c ./Drivers/STM32F3xx_HAL_Driver/Src/stm32f3xx_hal_cortex.o
 .text.__NVIC_SetPriority
                0x08001744       0x54 ./Drivers/STM32F3xx_HAL_Driver/Src/stm32f3xx_hal_cortex.o
 .text.NVIC_EncodePriority
                0x08001798       0x66 ./Drivers/STM32F3xx_HAL_Driver/Src/stm32f3xx_hal_cortex.o
 *fill*         0x080017fe        0x2 
 .text.SysTick_Config
                0x08001800       0x44 ./Drivers/STM32F3xx_HAL_Driver/Src/stm32f3xx_hal_cortex.o
 .text.HAL_NVIC_SetPriorityGrouping
                0x08001844       0x16 ./Drivers/STM32F3xx_HAL_Driver/Src/stm32f3xx_hal_cortex.o
                0x08001844                HAL_NVIC_SetPriorityGrouping
 .text.HAL_NVIC_SetPriority
                0x0800185a       0x38 ./Drivers/STM32F3xx_HAL_Driver/Src/stm32f3xx_hal_cortex.o
                0x0800185a                HAL_NVIC_SetPriority
 .text.HAL_NVIC_EnableIRQ
                0x08001892       0x1c ./Drivers/STM32F3xx_HAL_Driver/Src/stm32f3xx_hal_cortex.o
                0x08001892                HAL_NVIC_EnableIRQ
 .text.HAL_SYSTICK_Config
                0x080018ae       0x18 ./Drivers/STM32F3xx_HAL_Driver/Src/stm32f3xx_hal_cortex.o
                0x080018ae                HAL_SYSTICK_Config
 .text.HAL_DMA_Init
                0x080018c6       0x8e ./Drivers/STM32F3xx_HAL_Driver/Src/stm32f3xx_hal_dma.o
                0x080018c6                HAL_DMA_Init
 .text.HAL_DMA_Start_IT
                0x08001954       0xbe ./Drivers/STM32F3xx_HAL_Driver/Src/stm32f3xx_hal_dma.o
                0x08001954                HAL_DMA_Start_IT
 .text.HAL_DMA_Abort
                0x08001a12       0x7c ./Drivers/STM32F3xx_HAL_Driver/Src/stm32f3xx_hal_dma.o
                0x08001a12                HAL_DMA_Abort
 .text.HAL_DMA_Abort_IT
                0x08001a8e       0x7c ./Drivers/STM32F3xx_HAL_Driver/Src/stm32f3xx_hal_dma.o
                0x08001a8e                HAL_DMA_Abort_IT
 .text.HAL_DMA_IRQHandler
                0x08001b0a      0x146 ./Drivers/STM32F3xx_HAL_Driver/Src/stm32f3xx_hal_dma.o
                0x08001b0a                HAL_DMA_IRQHandler
 .text.DMA_SetConfig
                0x08001c50       0x5c ./Drivers/STM32F3xx_HAL_Driver/Src/stm32f3xx_hal_dma.o
 .text.DMA_CalcBaseAndBitshift
                0x08001cac       0x40 ./Drivers/STM32F3xx_HAL_Driver/Src/stm32f3xx_hal_dma.o
 .text.HAL_GPIO_Init
                0x08001cec      0x2e4 ./Drivers/STM32F3xx_HAL_Driver/Src/stm32f3xx_hal_gpio.o
                0x08001cec                HAL_GPIO_Init
 .text.HAL_GPIO_WritePin
                0x08001fd0       0x30 ./Drivers/STM32F3xx_HAL_Driver/Src/stm32f3xx_hal_gpio.o
                0x08001fd0                HAL_GPIO_WritePin
 .text.HAL_I2C_Init
                0x08002000      0x136 ./Drivers/STM32F3xx_HAL_Driver/Src/stm32f3xx_hal_i2c.o
                0x08002000                HAL_I2C_Init
 *fill*         0x08002136        0x2 
 .text.HAL_I2C_Mem_Write
                0x08002138      0x228 ./Drivers/STM32F3xx_HAL_Driver/Src/stm32f3xx_hal_i2c.o
                0x08002138                HAL_I2C_Mem_Write
 .text.HAL_I2C_Mem_Read
                0x08002360      0x234 ./Drivers/STM32F3xx_HAL_Driver/Src/stm32f3xx_hal_i2c.o
                0x08002360                HAL_I2C_Mem_Read
 .text.I2C_RequestMemoryWrite
                0x08002594       0xa8 ./Drivers/STM32F3xx_HAL_Driver/Src/stm32f3xx_hal_i2c.o
 .text.I2C_RequestMemoryRead
                0x0800263c       0xa8 ./Drivers/STM32F3xx_HAL_Driver/Src/stm32f3xx_hal_i2c.o
 .text.I2C_Flush_TXDR
                0x080026e4       0x48 ./Drivers/STM32F3xx_HAL_Driver/Src/stm32f3xx_hal_i2c.o
 .text.I2C_WaitOnFlagUntilTimeout
                0x0800272c       0xb2 ./Drivers/STM32F3xx_HAL_Driver/Src/stm32f3xx_hal_i2c.o
 .text.I2C_WaitOnTXISFlagUntilTimeout
                0x080027de       0x8e ./Drivers/STM32F3xx_HAL_Driver/Src/stm32f3xx_hal_i2c.o
 .text.I2C_WaitOnSTOPFlagUntilTimeout
                0x0800286c       0x86 ./Drivers/STM32F3xx_HAL_Driver/Src/stm32f3xx_hal_i2c.o
 *fill*         0x080028f2        0x2 
 .text.I2C_IsErrorOccurred
                0x080028f4      0x1c0 ./Drivers/STM32F3xx_HAL_Driver/Src/stm32f3xx_hal_i2c.o
 .text.I2C_TransferConfig
                0x08002ab4       0x64 ./Drivers/STM32F3xx_HAL_Driver/Src/stm32f3xx_hal_i2c.o
 .text.HAL_I2CEx_ConfigAnalogFilter
                0x08002b18       0x96 ./Drivers/STM32F3xx_HAL_Driver/Src/stm32f3xx_hal_i2c_ex.o
                0x08002b18                HAL_I2CEx_ConfigAnalogFilter
 .text.HAL_I2CEx_ConfigDigitalFilter
                0x08002bae       0x98 ./Drivers/STM32F3xx_HAL_Driver/Src/stm32f3xx_hal_i2c_ex.o
                0x08002bae                HAL_I2CEx_ConfigDigitalFilter
 *fill*         0x08002c46        0x2 
 .text.HAL_RCC_OscConfig
                0x08002c48     0x101c ./Drivers/STM32F3xx_HAL_Driver/Src/stm32f3xx_hal_rcc.o
                0x08002c48                HAL_RCC_OscConfig
 .text.HAL_RCC_ClockConfig
                0x08003c64      0x2dc ./Drivers/STM32F3xx_HAL_Driver/Src/stm32f3xx_hal_rcc.o
                0x08003c64                HAL_RCC_ClockConfig
 .text.HAL_RCC_GetSysClockFreq
                0x08003f40       0xa8 ./Drivers/STM32F3xx_HAL_Driver/Src/stm32f3xx_hal_rcc.o
                0x08003f40                HAL_RCC_GetSysClockFreq
 .text.HAL_RCC_GetHCLKFreq
                0x08003fe8       0x18 ./Drivers/STM32F3xx_HAL_Driver/Src/stm32f3xx_hal_rcc.o
                0x08003fe8                HAL_RCC_GetHCLKFreq
 .text.HAL_RCC_GetPCLK1Freq
                0x08004000       0x44 ./Drivers/STM32F3xx_HAL_Driver/Src/stm32f3xx_hal_rcc.o
                0x08004000                HAL_RCC_GetPCLK1Freq
 .text.HAL_RCC_GetPCLK2Freq
                0x08004044       0x44 ./Drivers/STM32F3xx_HAL_Driver/Src/stm32f3xx_hal_rcc.o
                0x08004044                HAL_RCC_GetPCLK2Freq
 .text.HAL_RCCEx_PeriphCLKConfig
                0x08004088      0x248 ./Drivers/STM32F3xx_HAL_Driver/Src/stm32f3xx_hal_rcc_ex.o
                0x08004088                HAL_RCCEx_PeriphCLKConfig
 .text.HAL_TIM_Base_Init
                0x080042d0       0xae ./Drivers/STM32F3xx_HAL_Driver/Src/stm32f3xx_hal_tim.o
                0x080042d0                HAL_TIM_Base_Init
 .text.HAL_TIM_PWM_Init
                0x0800437e       0xae ./Drivers/STM32F3xx_HAL_Driver/Src/stm32f3xx_hal_tim.o
                0x0800437e                HAL_TIM_PWM_Init
 .text.HAL_TIM_PWM_MspInit
                0x0800442c       0x14 ./Drivers/STM32F3xx_HAL_Driver/Src/stm32f3xx_hal_tim.o
                0x0800442c                HAL_TIM_PWM_MspInit
 .text.HAL_TIM_PWM_Start
                0x08004440      0x1d8 ./Drivers/STM32F3xx_HAL_Driver/Src/stm32f3xx_hal_tim.o
                0x08004440                HAL_TIM_PWM_Start
 .text.HAL_TIM_PWM_ConfigChannel
                0x08004618      0x228 ./Drivers/STM32F3xx_HAL_Driver/Src/stm32f3xx_hal_tim.o
                0x08004618                HAL_TIM_PWM_ConfigChannel
 .text.HAL_TIM_ConfigClockSource
                0x08004840      0x192 ./Drivers/STM32F3xx_HAL_Driver/Src/stm32f3xx_hal_tim.o
                0x08004840                HAL_TIM_ConfigClockSource
 *fill*         0x080049d2        0x2 
 .text.TIM_Base_SetConfig
                0x080049d4      0x108 ./Drivers/STM32F3xx_HAL_Driver/Src/stm32f3xx_hal_tim.o
                0x080049d4                TIM_Base_SetConfig
 .text.TIM_OC1_SetConfig
                0x08004adc      0x10c ./Drivers/STM32F3xx_HAL_Driver/Src/stm32f3xx_hal_tim.o
 .text.TIM_OC2_SetConfig
                0x08004be8      0x100 ./Drivers/STM32F3xx_HAL_Driver/Src/stm32f3xx_hal_tim.o
                0x08004be8                TIM_OC2_SetConfig
 .text.TIM_OC3_SetConfig
                0x08004ce8       0xfc ./Drivers/STM32F3xx_HAL_Driver/Src/stm32f3xx_hal_tim.o
 .text.TIM_OC4_SetConfig
                0x08004de4       0xc8 ./Drivers/STM32F3xx_HAL_Driver/Src/stm32f3xx_hal_tim.o
 .text.TIM_OC5_SetConfig
                0x08004eac       0xbc ./Drivers/STM32F3xx_HAL_Driver/Src/stm32f3xx_hal_tim.o
 .text.TIM_OC6_SetConfig
                0x08004f68       0xc0 ./Drivers/STM32F3xx_HAL_Driver/Src/stm32f3xx_hal_tim.o
 .text.TIM_TI1_ConfigInputStage
                0x08005028       0x5e ./Drivers/STM32F3xx_HAL_Driver/Src/stm32f3xx_hal_tim.o
 .text.TIM_TI2_ConfigInputStage
                0x08005086       0x60 ./Drivers/STM32F3xx_HAL_Driver/Src/stm32f3xx_hal_tim.o
 .text.TIM_ITRx_SetConfig
                0x080050e6       0x36 ./Drivers/STM32F3xx_HAL_Driver/Src/stm32f3xx_hal_tim.o
 .text.TIM_ETR_SetConfig
                0x0800511c       0x40 ./Drivers/STM32F3xx_HAL_Driver/Src/stm32f3xx_hal_tim.o
                0x0800511c                TIM_ETR_SetConfig
 .text.TIM_CCxChannelCmd
                0x0800515c       0x4a ./Drivers/STM32F3xx_HAL_Driver/Src/stm32f3xx_hal_tim.o
                0x0800515c                TIM_CCxChannelCmd
 *fill*         0x080051a6        0x2 
 .text.HAL_TIMEx_MasterConfigSynchronization
                0x080051a8       0xdc ./Drivers/STM32F3xx_HAL_Driver/Src/stm32f3xx_hal_tim_ex.o
                0x080051a8                HAL_TIMEx_MasterConfigSynchronization
 .text.HAL_TIMEx_ConfigBreakDeadTime
                0x08005284       0xf0 ./Drivers/STM32F3xx_HAL_Driver/Src/stm32f3xx_hal_tim_ex.o
                0x08005284                HAL_TIMEx_ConfigBreakDeadTime
 .text.HAL_UART_Init
                0x08005374       0x9c ./Drivers/STM32F3xx_HAL_Driver/Src/stm32f3xx_hal_uart.o
                0x08005374                HAL_UART_Init
 .text.HAL_UART_Transmit_DMA
                0x08005410       0xf8 ./Drivers/STM32F3xx_HAL_Driver/Src/stm32f3xx_hal_uart.o
                0x08005410                HAL_UART_Transmit_DMA
 .text.HAL_UART_Receive_DMA
                0x08005508       0x88 ./Drivers/STM32F3xx_HAL_Driver/Src/stm32f3xx_hal_uart.o
                0x08005508                HAL_UART_Receive_DMA
 .text.HAL_UART_IRQHandler
                0x08005590      0x5cc ./Drivers/STM32F3xx_HAL_Driver/Src/stm32f3xx_hal_uart.o
                0x08005590                HAL_UART_IRQHandler
 .text.HAL_UART_TxHalfCpltCallback
                0x08005b5c       0x14 ./Drivers/STM32F3xx_HAL_Driver/Src/stm32f3xx_hal_uart.o
                0x08005b5c                HAL_UART_TxHalfCpltCallback
 .text.HAL_UART_ErrorCallback
                0x08005b70       0x14 ./Drivers/STM32F3xx_HAL_Driver/Src/stm32f3xx_hal_uart.o
                0x08005b70                HAL_UART_ErrorCallback
 .text.HAL_UARTEx_RxEventCallback
                0x08005b84       0x18 ./Drivers/STM32F3xx_HAL_Driver/Src/stm32f3xx_hal_uart.o
                0x08005b84                HAL_UARTEx_RxEventCallback
 .text.UART_SetConfig
                0x08005b9c      0x26c ./Drivers/STM32F3xx_HAL_Driver/Src/stm32f3xx_hal_uart.o
                0x08005b9c                UART_SetConfig
 .text.UART_AdvFeatureConfig
                0x08005e08      0x144 ./Drivers/STM32F3xx_HAL_Driver/Src/stm32f3xx_hal_uart.o
                0x08005e08                UART_AdvFeatureConfig
 .text.UART_CheckIdleState
                0x08005f4c      0x150 ./Drivers/STM32F3xx_HAL_Driver/Src/stm32f3xx_hal_uart.o
                0x08005f4c                UART_CheckIdleState
 .text.UART_WaitOnFlagUntilTimeout
                0x0800609c       0xda ./Drivers/STM32F3xx_HAL_Driver/Src/stm32f3xx_hal_uart.o
                0x0800609c                UART_WaitOnFlagUntilTimeout
 *fill*         0x08006176        0x2 
 .text.UART_Start_Receive_DMA
                0x08006178      0x140 ./Drivers/STM32F3xx_HAL_Driver/Src/stm32f3xx_hal_uart.o
                0x08006178                UART_Start_Receive_DMA
 .text.UART_EndTxTransfer
                0x080062b8       0x4c ./Drivers/STM32F3xx_HAL_Driver/Src/stm32f3xx_hal_uart.o
 .text.UART_EndRxTransfer
                0x08006304       0xc8 ./Drivers/STM32F3xx_HAL_Driver/Src/stm32f3xx_hal_uart.o
 .text.UART_DMATransmitCplt
                0x080063cc       0x94 ./Drivers/STM32F3xx_HAL_Driver/Src/stm32f3xx_hal_uart.o
 .text.UART_DMATxHalfCplt
                0x08006460       0x1c ./Drivers/STM32F3xx_HAL_Driver/Src/stm32f3xx_hal_uart.o
 .text.UART_DMAReceiveCplt
                0x0800647c      0x126 ./Drivers/STM32F3xx_HAL_Driver/Src/stm32f3xx_hal_uart.o
 .text.UART_DMARxHalfCplt
                0x080065a2       0x3e ./Drivers/STM32F3xx_HAL_Driver/Src/stm32f3xx_hal_uart.o
 .text.UART_DMAError
                0x080065e0       0x7e ./Drivers/STM32F3xx_HAL_Driver/Src/stm32f3xx_hal_uart.o
 .text.UART_DMAAbortOnError
                0x0800665e       0x2c ./Drivers/STM32F3xx_HAL_Driver/Src/stm32f3xx_hal_uart.o
 .text.UART_EndTransmit_IT
                0x0800668a       0x54 ./Drivers/STM32F3xx_HAL_Driver/Src/stm32f3xx_hal_uart.o
 .text.HAL_UARTEx_WakeupCallback
                0x080066de       0x14 ./Drivers/STM32F3xx_HAL_Driver/Src/stm32f3xx_hal_uart_ex.o
                0x080066de                HAL_UARTEx_WakeupCallback
 *fill*         0x080066f2        0x2 
 .text.i2c_wr   0x080066f4       0x44 ./Drivers/mpu6500/mpu6500.o
 .text.i2c_rd   0x08006738       0x44 ./Drivers/mpu6500/mpu6500.o
 .text.MPU6500_Init
                0x0800677c      0x130 ./Drivers/mpu6500/mpu6500.o
                0x0800677c                MPU6500_Init
 .text.MPU6500_ReadRaw
                0x080068ac       0xe4 ./Drivers/mpu6500/mpu6500.o
                0x080068ac                MPU6500_ReadRaw
 .text.read_gyroscope_z
                0x08006990       0x90 ./Drivers/mpu6500/mpu6500.o
                0x08006990                read_gyroscope_z
 .text.memset   0x08006a20       0x10 /opt/st/stm32cubeide_1.18.1/plugins/com.st.stm32cube.ide.mcu.externaltools.gnu-tools-for-stm32.13.3.rel1.linux64_1.0.0.202410170706/tools/bin/../lib/gcc/arm-none-eabi/13.3.1/../../../../arm-none-eabi/lib/thumb/v7e-m+fp/hard/libc_nano.a(libc_a-memset.o)
                0x08006a20                memset
 .text.__libc_init_array
                0x08006a30       0x48 /opt/st/stm32cubeide_1.18.1/plugins/com.st.stm32cube.ide.mcu.externaltools.gnu-tools-for-stm32.13.3.rel1.linux64_1.0.0.202410170706/tools/bin/../lib/gcc/arm-none-eabi/13.3.1/../../../../arm-none-eabi/lib/thumb/v7e-m+fp/hard/libc_nano.a(libc_a-init.o)
                0x08006a30                __libc_init_array
 .text.memcpy   0x08006a78       0x1c /opt/st/stm32cubeide_1.18.1/plugins/com.st.stm32cube.ide.mcu.externaltools.gnu-tools-for-stm32.13.3.rel1.linux64_1.0.0.202410170706/tools/bin/../lib/gcc/arm-none-eabi/13.3.1/../../../../arm-none-eabi/lib/thumb/v7e-m+fp/hard/libc_nano.a(libc_a-memcpy-stub.o)
                0x08006a78                memcpy
 *(.glue_7)
 .glue_7        0x08006a94        0x0 linker stubs
 *(.glue_7t)
 .glue_7t       0x08006a94        0x0 linker stubs
 *(.eh_frame)
 .eh_frame      0x08006a94        0x0 /opt/st/stm32cubeide_1.18.1/plugins/com.st.stm32cube.ide.mcu.externaltools.gnu-tools-for-stm32.13.3.rel1.linux64_1.0.0.202410170706/tools/bin/../lib/gcc/arm-none-eabi/13.3.1/thumb/v7e-m+fp/hard/crtbegin.o
 *(.init)
 .init          0x08006a94        0x4 /opt/st/stm32cubeide_1.18.1/plugins/com.st.stm32cube.ide.mcu.externaltools.gnu-tools-for-stm32.13.3.rel1.linux64_1.0.0.202410170706/tools/bin/../lib/gcc/arm-none-eabi/13.3.1/thumb/v7e-m+fp/hard/crti.o
                0x08006a94                _init
 .init          0x08006a98        0x8 /opt/st/stm32cubeide_1.18.1/plugins/com.st.stm32cube.ide.mcu.externaltools.gnu-tools-for-stm32.13.3.rel1.linux64_1.0.0.202410170706/tools/bin/../lib/gcc/arm-none-eabi/13.3.1/thumb/v7e-m+fp/hard/crtn.o
 *(.fini)
 .fini          0x08006aa0        0x4 /opt/st/stm32cubeide_1.18.1/plugins/com.st.stm32cube.ide.mcu.externaltools.gnu-tools-for-stm32.13.3.rel1.linux64_1.0.0.202410170706/tools/bin/../lib/gcc/arm-none-eabi/13.3.1/thumb/v7e-m+fp/hard/crti.o
                0x08006aa0                _fini
 .fini          0x08006aa4        0x8 /opt/st/stm32cubeide_1.18.1/plugins/com.st.stm32cube.ide.mcu.externaltools.gnu-tools-for-stm32.13.3.rel1.linux64_1.0.0.202410170706/tools/bin/../lib/gcc/arm-none-eabi/13.3.1/thumb/v7e-m+fp/hard/crtn.o
                0x08006aac                        . = ALIGN (0x4)
                0x08006aac                        _etext = .

.vfp11_veneer   0x08006aac        0x0
 .vfp11_veneer  0x08006aac        0x0 linker stubs

.v4_bx          0x08006aac        0x0
 .v4_bx         0x08006aac        0x0 linker stubs

.iplt           0x08006aac        0x0
 .iplt          0x08006aac        0x0 /opt/st/stm32cubeide_1.18.1/plugins/com.st.stm32cube.ide.mcu.externaltools.gnu-tools-for-stm32.13.3.rel1.linux64_1.0.0.202410170706/tools/bin/../lib/gcc/arm-none-eabi/13.3.1/thumb/v7e-m+fp/hard/crtbegin.o

.rodata         0x08006aac       0x38
                0x08006aac                        . = ALIGN (0x4)
 *(.rodata)
 *(.rodata*)
 .rodata.AHBPrescTable
                0x08006aac       0x10 ./Core/Src/system_stm32f3xx.o
                0x08006aac                AHBPrescTable
 .rodata.APBPrescTable
                0x08006abc        0x8 ./Core/Src/system_stm32f3xx.o
                0x08006abc                APBPrescTable
 .rodata.aPLLMULFactorTable
                0x08006ac4       0x10 ./Drivers/STM32F3xx_HAL_Driver/Src/stm32f3xx_hal_rcc.o
 .rodata.aPredivFactorTable
                0x08006ad4       0x10 ./Drivers/STM32F3xx_HAL_Driver/Src/stm32f3xx_hal_rcc.o
                0x08006ae4                        . = ALIGN (0x4)

.ARM.extab      0x08006ae4        0x0
                0x08006ae4                        . = ALIGN (0x4)
 *(.ARM.extab* .gnu.linkonce.armextab.*)
                0x08006ae4                        . = ALIGN (0x4)

.ARM            0x08006ae4        0x0
                0x08006ae4                        . = ALIGN (0x4)
                0x08006ae4                        __exidx_start = .
 *(.ARM.exidx*)
                0x08006ae4                        __exidx_end = .
                0x08006ae4                        . = ALIGN (0x4)

.preinit_array  0x08006ae4        0x0
                0x08006ae4                        . = ALIGN (0x4)
                0x08006ae4                        PROVIDE (__preinit_array_start = .)
 *(.preinit_array*)
                0x08006ae4                        PROVIDE (__preinit_array_end = .)
                0x08006ae4                        . = ALIGN (0x4)

.init_array     0x08006ae4        0x4
                0x08006ae4                        . = ALIGN (0x4)
                0x08006ae4                        PROVIDE (__init_array_start = .)
 *(SORT_BY_NAME(.init_array.*))
 *(.init_array*)
 .init_array    0x08006ae4        0x4 /opt/st/stm32cubeide_1.18.1/plugins/com.st.stm32cube.ide.mcu.externaltools.gnu-tools-for-stm32.13.3.rel1.linux64_1.0.0.202410170706/tools/bin/../lib/gcc/arm-none-eabi/13.3.1/thumb/v7e-m+fp/hard/crtbegin.o
                0x08006ae8                        PROVIDE (__init_array_end = .)
                0x08006ae8                        . = ALIGN (0x4)

.fini_array     0x08006ae8        0x4
                0x08006ae8                        . = ALIGN (0x4)
                [!provide]                        PROVIDE (__fini_array_start = .)
 *(SORT_BY_NAME(.fini_array.*))
 *(.fini_array*)
 .fini_array    0x08006ae8        0x4 /opt/st/stm32cubeide_1.18.1/plugins/com.st.stm32cube.ide.mcu.externaltools.gnu-tools-for-stm32.13.3.rel1.linux64_1.0.0.202410170706/tools/bin/../lib/gcc/arm-none-eabi/13.3.1/thumb/v7e-m+fp/hard/crtbegin.o
                [!provide]                        PROVIDE (__fini_array_end = .)
                0x08006aec                        . = ALIGN (0x4)
                0x08006aec                        _sidata = LOADADDR (.data)

.rel.dyn        0x08006aec        0x0
 .rel.iplt      0x08006aec        0x0 /opt/st/stm32cubeide_1.18.1/plugins/com.st.stm32cube.ide.mcu.externaltools.gnu-tools-for-stm32.13.3.rel1.linux64_1.0.0.202410170706/tools/bin/../lib/gcc/arm-none-eabi/13.3.1/thumb/v7e-m+fp/hard/crtbegin.o

.data           0x20000000        0xc load address 0x08006aec
                0x20000000                        . = ALIGN (0x4)
                0x20000000                        _sdata = .
 *(.data)
 *(.data*)
 .data.SystemCoreClock
                0x20000000        0x4 ./Core/Src/system_stm32f3xx.o
                0x20000000                SystemCoreClock
 .data.uwTickPrio
                0x20000004        0x4 ./Drivers/STM32F3xx_HAL_Driver/Src/stm32f3xx_hal.o
                0x20000004                uwTickPrio
 .data.uwTickFreq
                0x20000008        0x1 ./Drivers/STM32F3xx_HAL_Driver/Src/stm32f3xx_hal.o
                0x20000008                uwTickFreq
 *(.RamFunc)
 *(.RamFunc*)
                0x2000000c                        . = ALIGN (0x4)
 *fill*         0x20000009        0x3 
                0x2000000c                        _edata = .
                0x08006af8                        _siccmram = LOADADDR (.ccmram)

.igot.plt       0x2000000c        0x0 load address 0x08006af8
 .igot.plt      0x2000000c        0x0 /opt/st/stm32cubeide_1.18.1/plugins/com.st.stm32cube.ide.mcu.externaltools.gnu-tools-for-stm32.13.3.rel1.linux64_1.0.0.202410170706/tools/bin/../lib/gcc/arm-none-eabi/13.3.1/thumb/v7e-m+fp/hard/crtbegin.o

.ccmram         0x10000000        0x0 load address 0x08006af8
                0x10000000                        . = ALIGN (0x4)
                0x10000000                        _sccmram = .
 *(.ccmram)
 *(.ccmram*)
                0x10000000                        . = ALIGN (0x4)
                0x10000000                        _eccmram = .
                0x10000000                        . = ALIGN (0x4)

.bss            0x2000000c      0x404
                0x2000000c                        _sbss = .
                0x2000000c                        __bss_start__ = _sbss
 *(.bss)
 .bss           0x2000000c       0x1c /opt/st/stm32cubeide_1.18.1/plugins/com.st.stm32cube.ide.mcu.externaltools.gnu-tools-for-stm32.13.3.rel1.linux64_1.0.0.202410170706/tools/bin/../lib/gcc/arm-none-eabi/13.3.1/thumb/v7e-m+fp/hard/crtbegin.o
 *(.bss*)
 .bss.pid_linear
                0x20000028        0x8 ./Core/Src/control.o
 .bss.pid_angular
                0x20000030        0x8 ./Core/Src/control.o
 .bss.hi2c1     0x20000038       0x54 ./Core/Src/main.o
                0x20000038                hi2c1
 .bss.htim1     0x2000008c       0x4c ./Core/Src/main.o
                0x2000008c                htim1
 .bss.huart2    0x200000d8       0x88 ./Core/Src/main.o
                0x200000d8                huart2
 .bss.hdma_usart2_rx
                0x20000160       0x44 ./Core/Src/main.o
                0x20000160                hdma_usart2_rx
 .bss.hdma_usart2_tx
                0x200001a4       0x44 ./Core/Src/main.o
                0x200001a4                hdma_usart2_tx
 .bss.motorLeft
                0x200001e8       0x18 ./Core/Src/main.o
                0x200001e8                motorLeft
 .bss.motorRight
                0x20000200       0x18 ./Core/Src/main.o
                0x20000200                motorRight
 .bss.s_huart   0x20000218        0x4 ./Core/Src/uart_comm.o
 .bss.s_rx_dma  0x2000021c       0x80 ./Core/Src/uart_comm.o
 .bss.s_dma_old_pos
                0x2000029c        0x2 ./Core/Src/uart_comm.o
 *fill*         0x2000029e        0x2 
 .bss.s_tx_dma  0x200002a0       0x40 ./Core/Src/uart_comm.o
 .bss.s_tx_busy
                0x200002e0        0x1 ./Core/Src/uart_comm.o
 *fill*         0x200002e1        0x3 
 .bss.s_rb      0x200002e4      0x100 ./Core/Src/uart_comm.o
 .bss.s_rb_w    0x200003e4        0x2 ./Core/Src/uart_comm.o
 .bss.s_rb_r    0x200003e6        0x2 ./Core/Src/uart_comm.o
 .bss.s_latest  0x200003e8       0x10 ./Core/Src/uart_comm.o
 .bss.uart_init_step
                0x200003f8        0x4 ./Core/Src/uart_comm.o
                0x200003f8                uart_init_step
 .bss.uart_init_st
                0x200003fc        0x1 ./Core/Src/uart_comm.o
                0x200003fc                uart_init_st
 *fill*         0x200003fd        0x1 
 .bss.uart_rx_last_chunk
                0x200003fe        0x2 ./Core/Src/uart_comm.o
                0x200003fe                uart_rx_last_chunk
 .bss.uwTick    0x20000400        0x4 ./Drivers/STM32F3xx_HAL_Driver/Src/stm32f3xx_hal.o
                0x20000400                uwTick
 .bss.s_hi2c    0x20000404        0x4 ./Drivers/mpu6500/mpu6500.o
 .bss.s_ax_off  0x20000408        0x4 ./Drivers/mpu6500/mpu6500.o
 .bss.s_gz_off  0x2000040c        0x4 ./Drivers/mpu6500/mpu6500.o
 *(COMMON)
                0x20000410                        . = ALIGN (0x4)
                0x20000410                        _ebss = .
                0x20000410                        __bss_end__ = _ebss

._user_heap_stack
                0x20000410      0x600
                0x20000410                        . = ALIGN (0x8)
                [!provide]                        PROVIDE (end = .)
                0x20000410                        PROVIDE (_end = .)
                0x20000610                        . = (. + _Min_Heap_Size)
 *fill*         0x20000410      0x200 
                0x20000a10                        . = (. + _Min_Stack_Size)
 *fill*         0x20000610      0x400 
                0x20000a10                        . = ALIGN (0x8)

/DISCARD/
 libc.a(*)
 libm.a(*)
 libgcc.a(*)

.ARM.attributes
                0x00000000       0x30
 *(.ARM.attributes)
 .ARM.attributes
                0x00000000       0x22 /opt/st/stm32cubeide_1.18.1/plugins/com.st.stm32cube.ide.mcu.externaltools.gnu-tools-for-stm32.13.3.rel1.linux64_1.0.0.202410170706/tools/bin/../lib/gcc/arm-none-eabi/13.3.1/thumb/v7e-m+fp/hard/crti.o
 .ARM.attributes
                0x00000022       0x34 /opt/st/stm32cubeide_1.18.1/plugins/com.st.stm32cube.ide.mcu.externaltools.gnu-tools-for-stm32.13.3.rel1.linux64_1.0.0.202410170706/tools/bin/../lib/gcc/arm-none-eabi/13.3.1/thumb/v7e-m+fp/hard/crtbegin.o
 .ARM.attributes
                0x00000056       0x34 ./Core/Src/control.o
 .ARM.attributes
                0x0000008a       0x34 ./Core/Src/main.o
 .ARM.attributes
                0x000000be       0x34 ./Core/Src/stm32f3xx_hal_msp.o
 .ARM.attributes
                0x000000f2       0x34 ./Core/Src/stm32f3xx_it.o
 .ARM.attributes
                0x00000126       0x34 ./Core/Src/system_stm32f3xx.o
 .ARM.attributes
                0x0000015a       0x34 ./Core/Src/uart_comm.o
 .ARM.attributes
                0x0000018e       0x21 ./Core/Startup/startup_stm32f303k8tx.o
 .ARM.attributes
                0x000001af       0x34 ./Drivers/STM32F3xx_HAL_Driver/Src/stm32f3xx_hal.o
 .ARM.attributes
                0x000001e3       0x34 ./Drivers/STM32F3xx_HAL_Driver/Src/stm32f3xx_hal_cortex.o
 .ARM.attributes
                0x00000217       0x34 ./Drivers/STM32F3xx_HAL_Driver/Src/stm32f3xx_hal_dma.o
 .ARM.attributes
                0x0000024b       0x34 ./Drivers/STM32F3xx_HAL_Driver/Src/stm32f3xx_hal_gpio.o
 .ARM.attributes
                0x0000027f       0x34 ./Drivers/STM32F3xx_HAL_Driver/Src/stm32f3xx_hal_i2c.o
 .ARM.attributes
                0x000002b3       0x34 ./Drivers/STM32F3xx_HAL_Driver/Src/stm32f3xx_hal_i2c_ex.o
 .ARM.attributes
                0x000002e7       0x34 ./Drivers/STM32F3xx_HAL_Driver/Src/stm32f3xx_hal_rcc.o
 .ARM.attributes
                0x0000031b       0x34 ./Drivers/STM32F3xx_HAL_Driver/Src/stm32f3xx_hal_rcc_ex.o
 .ARM.attributes
                0x0000034f       0x34 ./Drivers/STM32F3xx_HAL_Driver/Src/stm32f3xx_hal_tim.o
 .ARM.attributes
                0x00000383       0x34 ./Drivers/STM32F3xx_HAL_Driver/Src/stm32f3xx_hal_tim_ex.o
 .ARM.attributes
                0x000003b7       0x34 ./Drivers/STM32F3xx_HAL_Driver/Src/stm32f3xx_hal_uart.o
 .ARM.attributes
                0x000003eb       0x34 ./Drivers/STM32F3xx_HAL_Driver/Src/stm32f3xx_hal_uart_ex.o
 .ARM.attributes
                0x0000041f       0x34 ./Drivers/mpu6500/mpu6500.o
 .ARM.attributes
                0x00000453       0x34 /opt/st/stm32cubeide_1.18.1/plugins/com.st.stm32cube.ide.mcu.externaltools.gnu-tools-for-stm32.13.3.rel1.linux64_1.0.0.202410170706/tools/bin/../lib/gcc/arm-none-eabi/13.3.1/../../../../arm-none-eabi/lib/thumb/v7e-m+fp/hard/libc_nano.a(libc_a-memset.o)
 .ARM.attributes
                0x00000487       0x34 /opt/st/stm32cubeide_1.18.1/plugins/com.st.stm32cube.ide.mcu.externaltools.gnu-tools-for-stm32.13.3.rel1.linux64_1.0.0.202410170706/tools/bin/../lib/gcc/arm-none-eabi/13.3.1/../../../../arm-none-eabi/lib/thumb/v7e-m+fp/hard/libc_nano.a(libc_a-init.o)
 .ARM.attributes
                0x000004bb       0x34 /opt/st/stm32cubeide_1.18.1/plugins/com.st.stm32cube.ide.mcu.externaltools.gnu-tools-for-stm32.13.3.rel1.linux64_1.0.0.202410170706/tools/bin/../lib/gcc/arm-none-eabi/13.3.1/../../../../arm-none-eabi/lib/thumb/v7e-m+fp/hard/libc_nano.a(libc_a-memcpy-stub.o)
 .ARM.attributes
                0x000004ef       0x22 /opt/st/stm32cubeide_1.18.1/plugins/com.st.stm32cube.ide.mcu.externaltools.gnu-tools-for-stm32.13.3.rel1.linux64_1.0.0.202410170706/tools/bin/../lib/gcc/arm-none-eabi/13.3.1/thumb/v7e-m+fp/hard/crtn.o
OUTPUT(VRS_zadanie.elf elf32-littlearm)
LOAD linker stubs
LOAD /opt/st/stm32cubeide_1.18.1/plugins/com.st.stm32cube.ide.mcu.externaltools.gnu-tools-for-stm32.13.3.rel1.linux64_1.0.0.202410170706/tools/bin/../lib/gcc/arm-none-eabi/13.3.1/../../../../arm-none-eabi/lib/thumb/v7e-m+fp/hard/libc.a
LOAD /opt/st/stm32cubeide_1.18.1/plugins/com.st.stm32cube.ide.mcu.externaltools.gnu-tools-for-stm32.13.3.rel1.linux64_1.0.0.202410170706/tools/bin/../lib/gcc/arm-none-eabi/13.3.1/../../../../arm-none-eabi/lib/thumb/v7e-m+fp/hard/libm.a
LOAD /opt/st/stm32cubeide_1.18.1/plugins/com.st.stm32cube.ide.mcu.externaltools.gnu-tools-for-stm32.13.3.rel1.linux64_1.0.0.202410170706/tools/bin/../lib/gcc/arm-none-eabi/13.3.1/thumb/v7e-m+fp/hard/libgcc.a

.debug_info     0x00000000    0x141ac
 .debug_info    0x00000000      0xabf ./Core/Src/control.o
 .debug_info    0x00000abf     0x19f5 ./Core/Src/main.o
 .debug_info    0x000024b4     0x1277 ./Core/Src/stm32f3xx_hal_msp.o
 .debug_info    0x0000372b      0x754 ./Core/Src/stm32f3xx_it.o
 .debug_info    0x00003e7f      0x407 ./Core/Src/system_stm32f3xx.o
 .debug_info    0x00004286      0xc71 ./Core/Src/uart_comm.o
 .debug_info    0x00004ef7       0x30 ./Core/Startup/startup_stm32f303k8tx.o
 .debug_info    0x00004f27      0x74a ./Drivers/STM32F3xx_HAL_Driver/Src/stm32f3xx_hal.o
 .debug_info    0x00005671      0xa87 ./Drivers/STM32F3xx_HAL_Driver/Src/stm32f3xx_hal_cortex.o
 .debug_info    0x000060f8      0x6e1 ./Drivers/STM32F3xx_HAL_Driver/Src/stm32f3xx_hal_dma.o
 .debug_info    0x000067d9      0x6a6 ./Drivers/STM32F3xx_HAL_Driver/Src/stm32f3xx_hal_gpio.o
 .debug_info    0x00006e7f     0x20c3 ./Drivers/STM32F3xx_HAL_Driver/Src/stm32f3xx_hal_i2c.o
 .debug_info    0x00008f42      0x8c0 ./Drivers/STM32F3xx_HAL_Driver/Src/stm32f3xx_hal_i2c_ex.o
 .debug_info    0x00009802     0x148a ./Drivers/STM32F3xx_HAL_Driver/Src/stm32f3xx_hal_rcc.o
 .debug_info    0x0000ac8c      0x52e ./Drivers/STM32F3xx_HAL_Driver/Src/stm32f3xx_hal_rcc_ex.o
 .debug_info    0x0000b1ba     0x2a70 ./Drivers/STM32F3xx_HAL_Driver/Src/stm32f3xx_hal_tim.o
 .debug_info    0x0000dc2a     0x156d ./Drivers/STM32F3xx_HAL_Driver/Src/stm32f3xx_hal_tim_ex.o
 .debug_info    0x0000f197     0x39a8 ./Drivers/STM32F3xx_HAL_Driver/Src/stm32f3xx_hal_uart.o
 .debug_info    0x00012b3f      0xc9c ./Drivers/STM32F3xx_HAL_Driver/Src/stm32f3xx_hal_uart_ex.o
 .debug_info    0x000137db      0x9d1 ./Drivers/mpu6500/mpu6500.o

.debug_abbrev   0x00000000     0x2bd8
 .debug_abbrev  0x00000000      0x1b8 ./Core/Src/control.o
 .debug_abbrev  0x000001b8      0x332 ./Core/Src/main.o
 .debug_abbrev  0x000004ea      0x259 ./Core/Src/stm32f3xx_hal_msp.o
 .debug_abbrev  0x00000743      0x18a ./Core/Src/stm32f3xx_it.o
 .debug_abbrev  0x000008cd      0x11a ./Core/Src/system_stm32f3xx.o
 .debug_abbrev  0x000009e7      0x32a ./Core/Src/uart_comm.o
 .debug_abbrev  0x00000d11       0x24 ./Core/Startup/startup_stm32f303k8tx.o
 .debug_abbrev  0x00000d35      0x215 ./Drivers/STM32F3xx_HAL_Driver/Src/stm32f3xx_hal.o
 .debug_abbrev  0x00000f4a      0x2f8 ./Drivers/STM32F3xx_HAL_Driver/Src/stm32f3xx_hal_cortex.o
 .debug_abbrev  0x00001242      0x20d ./Drivers/STM32F3xx_HAL_Driver/Src/stm32f3xx_hal_dma.o
 .debug_abbrev  0x0000144f      0x1ca ./Drivers/STM32F3xx_HAL_Driver/Src/stm32f3xx_hal_gpio.o
 .debug_abbrev  0x00001619      0x260 ./Drivers/STM32F3xx_HAL_Driver/Src/stm32f3xx_hal_i2c.o
 .debug_abbrev  0x00001879      0x1c2 ./Drivers/STM32F3xx_HAL_Driver/Src/stm32f3xx_hal_i2c_ex.o
 .debug_abbrev  0x00001a3b      0x300 ./Drivers/STM32F3xx_HAL_Driver/Src/stm32f3xx_hal_rcc.o
 .debug_abbrev  0x00001d3b      0x221 ./Drivers/STM32F3xx_HAL_Driver/Src/stm32f3xx_hal_rcc_ex.o
 .debug_abbrev  0x00001f5c      0x278 ./Drivers/STM32F3xx_HAL_Driver/Src/stm32f3xx_hal_tim.o
 .debug_abbrev  0x000021d4      0x283 ./Drivers/STM32F3xx_HAL_Driver/Src/stm32f3xx_hal_tim_ex.o
 .debug_abbrev  0x00002457      0x2d1 ./Drivers/STM32F3xx_HAL_Driver/Src/stm32f3xx_hal_uart.o
 .debug_abbrev  0x00002728      0x2bf ./Drivers/STM32F3xx_HAL_Driver/Src/stm32f3xx_hal_uart_ex.o
 .debug_abbrev  0x000029e7      0x1f1 ./Drivers/mpu6500/mpu6500.o

.debug_aranges  0x00000000     0x10f8
 .debug_aranges
                0x00000000       0x30 ./Core/Src/control.o
 .debug_aranges
                0x00000030       0x60 ./Core/Src/main.o
 .debug_aranges
                0x00000090       0x58 ./Core/Src/stm32f3xx_hal_msp.o
 .debug_aranges
                0x000000e8       0x78 ./Core/Src/stm32f3xx_it.o
 .debug_aranges
                0x00000160       0x28 ./Core/Src/system_stm32f3xx.o
 .debug_aranges
                0x00000188       0xa8 ./Core/Src/uart_comm.o
 .debug_aranges
                0x00000230       0x28 ./Core/Startup/startup_stm32f303k8tx.o
 .debug_aranges
                0x00000258       0xe0 ./Drivers/STM32F3xx_HAL_Driver/Src/stm32f3xx_hal.o
 .debug_aranges
                0x00000338      0x100 ./Drivers/STM32F3xx_HAL_Driver/Src/stm32f3xx_hal_cortex.o
 .debug_aranges
                0x00000438       0x88 ./Drivers/STM32F3xx_HAL_Driver/Src/stm32f3xx_hal_dma.o
 .debug_aranges
                0x000004c0       0x58 ./Drivers/STM32F3xx_HAL_Driver/Src/stm32f3xx_hal_gpio.o
 .debug_aranges
                0x00000518      0x2a0 ./Drivers/STM32F3xx_HAL_Driver/Src/stm32f3xx_hal_i2c.o
 .debug_aranges
                0x000007b8       0x48 ./Drivers/STM32F3xx_HAL_Driver/Src/stm32f3xx_hal_i2c_ex.o
 .debug_aranges
                0x00000800       0x88 ./Drivers/STM32F3xx_HAL_Driver/Src/stm32f3xx_hal_rcc.o
 .debug_aranges
                0x00000888       0x38 ./Drivers/STM32F3xx_HAL_Driver/Src/stm32f3xx_hal_rcc_ex.o
 .debug_aranges
                0x000008c0      0x3e0 ./Drivers/STM32F3xx_HAL_Driver/Src/stm32f3xx_hal_tim.o
 .debug_aranges
                0x00000ca0      0x178 ./Drivers/STM32F3xx_HAL_Driver/Src/stm32f3xx_hal_tim_ex.o
 .debug_aranges
                0x00000e18      0x228 ./Drivers/STM32F3xx_HAL_Driver/Src/stm32f3xx_hal_uart.o
 .debug_aranges
                0x00001040       0x70 ./Drivers/STM32F3xx_HAL_Driver/Src/stm32f3xx_hal_uart_ex.o
 .debug_aranges
                0x000010b0       0x48 ./Drivers/mpu6500/mpu6500.o

.debug_rnglists
                0x00000000      0xd72
 .debug_rnglists
                0x00000000       0x21 ./Core/Src/control.o
 .debug_rnglists
                0x00000021       0x48 ./Core/Src/main.o
 .debug_rnglists
                0x00000069       0x3f ./Core/Src/stm32f3xx_hal_msp.o
 .debug_rnglists
                0x000000a8       0x55 ./Core/Src/stm32f3xx_it.o
 .debug_rnglists
                0x000000fd       0x1a ./Core/Src/system_stm32f3xx.o
 .debug_rnglists
                0x00000117       0x96 ./Core/Src/uart_comm.o
 .debug_rnglists
                0x000001ad       0x19 ./Core/Startup/startup_stm32f303k8tx.o
 .debug_rnglists
                0x000001c6       0xa3 ./Drivers/STM32F3xx_HAL_Driver/Src/stm32f3xx_hal.o
 .debug_rnglists
                0x00000269       0xbb ./Drivers/STM32F3xx_HAL_Driver/Src/stm32f3xx_hal_cortex.o
 .debug_rnglists
                0x00000324       0x69 ./Drivers/STM32F3xx_HAL_Driver/Src/stm32f3xx_hal_dma.o
 .debug_rnglists
                0x0000038d       0x3f ./Drivers/STM32F3xx_HAL_Driver/Src/stm32f3xx_hal_gpio.o
 .debug_rnglists
                0x000003cc      0x228 ./Drivers/STM32F3xx_HAL_Driver/Src/stm32f3xx_hal_i2c.o
 .debug_rnglists
                0x000005f4       0x35 ./Drivers/STM32F3xx_HAL_Driver/Src/stm32f3xx_hal_i2c_ex.o
 .debug_rnglists
                0x00000629       0x66 ./Drivers/STM32F3xx_HAL_Driver/Src/stm32f3xx_hal_rcc.o
 .debug_rnglists
                0x0000068f       0x27 ./Drivers/STM32F3xx_HAL_Driver/Src/stm32f3xx_hal_rcc_ex.o
 .debug_rnglists
                0x000006b6      0x328 ./Drivers/STM32F3xx_HAL_Driver/Src/stm32f3xx_hal_tim.o
 .debug_rnglists
                0x000009de      0x131 ./Drivers/STM32F3xx_HAL_Driver/Src/stm32f3xx_hal_tim_ex.o
 .debug_rnglists
                0x00000b0f      0x1da ./Drivers/STM32F3xx_HAL_Driver/Src/stm32f3xx_hal_uart.o
 .debug_rnglists
                0x00000ce9       0x54 ./Drivers/STM32F3xx_HAL_Driver/Src/stm32f3xx_hal_uart_ex.o
 .debug_rnglists
                0x00000d3d       0x35 ./Drivers/mpu6500/mpu6500.o

.debug_macro    0x00000000    0x1c11a
 .debug_macro   0x00000000      0x1d4 ./Core/Src/control.o
 .debug_macro   0x000001d4      0xad8 ./Core/Src/control.o
 .debug_macro   0x00000cac      0x15e ./Core/Src/control.o
 .debug_macro   0x00000e0a       0x2e ./Core/Src/control.o
 .debug_macro   0x00000e38       0x28 ./Core/Src/control.o
 .debug_macro   0x00000e60       0x22 ./Core/Src/control.o
 .debug_macro   0x00000e82       0x8e ./Core/Src/control.o
 .debug_macro   0x00000f10       0x51 ./Core/Src/control.o
 .debug_macro   0x00000f61      0x103 ./Core/Src/control.o
 .debug_macro   0x00001064       0x6a ./Core/Src/control.o
 .debug_macro   0x000010ce      0x1df ./Core/Src/control.o
 .debug_macro   0x000012ad       0x1c ./Core/Src/control.o
 .debug_macro   0x000012c9       0x22 ./Core/Src/control.o
 .debug_macro   0x000012eb       0xd9 ./Core/Src/control.o
 .debug_macro   0x000013c4      0xf07 ./Core/Src/control.o
 .debug_macro   0x000022cb    0x10be0 ./Core/Src/control.o
 .debug_macro   0x00012eab       0x6d ./Core/Src/control.o
 .debug_macro   0x00012f18     0x3574 ./Core/Src/control.o
 .debug_macro   0x0001648c      0x190 ./Core/Src/control.o
 .debug_macro   0x0001661c       0x55 ./Core/Src/control.o
 .debug_macro   0x00016671      0x8f8 ./Core/Src/control.o
 .debug_macro   0x00016f69      0x304 ./Core/Src/control.o
 .debug_macro   0x0001726d      0x1b5 ./Core/Src/control.o
 .debug_macro   0x00017422      0x11b ./Core/Src/control.o
 .debug_macro   0x0001753d      0x1d5 ./Core/Src/control.o
 .debug_macro   0x00017712      0x1bc ./Core/Src/control.o
 .debug_macro   0x000178ce       0x34 ./Core/Src/control.o
 .debug_macro   0x00017902       0x3c ./Core/Src/control.o
 .debug_macro   0x0001793e       0x57 ./Core/Src/control.o
 .debug_macro   0x00017995       0xc5 ./Core/Src/control.o
 .debug_macro   0x00017a5a      0x19f ./Core/Src/control.o
 .debug_macro   0x00017bf9      0x22c ./Core/Src/control.o
 .debug_macro   0x00017e25       0x5b ./Core/Src/control.o
 .debug_macro   0x00017e80       0xa5 ./Core/Src/control.o
 .debug_macro   0x00017f25       0x81 ./Core/Src/control.o
 .debug_macro   0x00017fa6       0xd3 ./Core/Src/control.o
 .debug_macro   0x00018079      0xa60 ./Core/Src/control.o
 .debug_macro   0x00018ad9       0x59 ./Core/Src/control.o
 .debug_macro   0x00018b32      0x5ba ./Core/Src/control.o
 .debug_macro   0x000190ec       0x44 ./Core/Src/control.o
 .debug_macro   0x00019130      0x285 ./Core/Src/control.o
 .debug_macro   0x000193b5       0x22 ./Core/Src/control.o
 .debug_macro   0x000193d7      0x2a0 ./Core/Src/main.o
 .debug_macro   0x00019677       0x28 ./Core/Src/main.o
 .debug_macro   0x0001969f       0x22 ./Core/Src/main.o
 .debug_macro   0x000196c1       0x61 ./Core/Src/main.o
 .debug_macro   0x00019722       0x2a ./Core/Src/main.o
 .debug_macro   0x0001974c       0x43 ./Core/Src/main.o
 .debug_macro   0x0001978f       0x34 ./Core/Src/main.o
 .debug_macro   0x000197c3      0x370 ./Core/Src/main.o
 .debug_macro   0x00019b33       0x16 ./Core/Src/main.o
 .debug_macro   0x00019b49       0x4a ./Core/Src/main.o
 .debug_macro   0x00019b93       0x34 ./Core/Src/main.o
 .debug_macro   0x00019bc7       0x10 ./Core/Src/main.o
 .debug_macro   0x00019bd7       0x58 ./Core/Src/main.o
 .debug_macro   0x00019c2f       0x8e ./Core/Src/main.o
 .debug_macro   0x00019cbd       0x1c ./Core/Src/main.o
 .debug_macro   0x00019cd9      0x185 ./Core/Src/main.o
 .debug_macro   0x00019e5e      0x19b ./Core/Src/main.o
 .debug_macro   0x00019ff9      0x1cf ./Core/Src/stm32f3xx_hal_msp.o
 .debug_macro   0x0001a1c8      0x1ec ./Core/Src/stm32f3xx_it.o
 .debug_macro   0x0001a3b4      0x1c5 ./Core/Src/system_stm32f3xx.o
 .debug_macro   0x0001a579      0x2e8 ./Core/Src/uart_comm.o
 .debug_macro   0x0001a861       0x10 ./Core/Src/uart_comm.o
 .debug_macro   0x0001a871       0x20 ./Core/Src/uart_comm.o
 .debug_macro   0x0001a891      0x1e9 ./Drivers/STM32F3xx_HAL_Driver/Src/stm32f3xx_hal.o
 .debug_macro   0x0001aa7a      0x1c5 ./Drivers/STM32F3xx_HAL_Driver/Src/stm32f3xx_hal_cortex.o
 .debug_macro   0x0001ac3f      0x1c5 ./Drivers/STM32F3xx_HAL_Driver/Src/stm32f3xx_hal_dma.o
 .debug_macro   0x0001ae04      0x1cc ./Drivers/STM32F3xx_HAL_Driver/Src/stm32f3xx_hal_gpio.o
 .debug_macro   0x0001afd0      0x291 ./Drivers/STM32F3xx_HAL_Driver/Src/stm32f3xx_hal_i2c.o
 .debug_macro   0x0001b261      0x1c5 ./Drivers/STM32F3xx_HAL_Driver/Src/stm32f3xx_hal_i2c_ex.o
 .debug_macro   0x0001b426      0x1e9 ./Drivers/STM32F3xx_HAL_Driver/Src/stm32f3xx_hal_rcc.o
 .debug_macro   0x0001b60f      0x1c5 ./Drivers/STM32F3xx_HAL_Driver/Src/stm32f3xx_hal_rcc_ex.o
 .debug_macro   0x0001b7d4      0x1c6 ./Drivers/STM32F3xx_HAL_Driver/Src/stm32f3xx_hal_tim.o
 .debug_macro   0x0001b99a      0x1c5 ./Drivers/STM32F3xx_HAL_Driver/Src/stm32f3xx_hal_tim_ex.o
 .debug_macro   0x0001bb5f      0x1e2 ./Drivers/STM32F3xx_HAL_Driver/Src/stm32f3xx_hal_uart.o
 .debug_macro   0x0001bd41      0x1c5 ./Drivers/STM32F3xx_HAL_Driver/Src/stm32f3xx_hal_uart_ex.o
 .debug_macro   0x0001bf06      0x214 ./Drivers/mpu6500/mpu6500.o

.debug_line     0x00000000    0x1543a
 .debug_line    0x00000000      0x80a ./Core/Src/control.o
 .debug_line    0x0000080a      0xab5 ./Core/Src/main.o
 .debug_line    0x000012bf      0x7f8 ./Core/Src/stm32f3xx_hal_msp.o
 .debug_line    0x00001ab7      0x7bb ./Core/Src/stm32f3xx_it.o
 .debug_line    0x00002272      0x721 ./Core/Src/system_stm32f3xx.o
 .debug_line    0x00002993      0xd26 ./Core/Src/uart_comm.o
 .debug_line    0x000036b9       0x7a ./Core/Startup/startup_stm32f303k8tx.o
 .debug_line    0x00003733      0x95d ./Drivers/STM32F3xx_HAL_Driver/Src/stm32f3xx_hal.o
 .debug_line    0x00004090      0xb21 ./Drivers/STM32F3xx_HAL_Driver/Src/stm32f3xx_hal_cortex.o
 .debug_line    0x00004bb1      0xc27 ./Drivers/STM32F3xx_HAL_Driver/Src/stm32f3xx_hal_dma.o
 .debug_line    0x000057d8      0xa94 ./Drivers/STM32F3xx_HAL_Driver/Src/stm32f3xx_hal_gpio.o
 .debug_line    0x0000626c     0x36ae ./Drivers/STM32F3xx_HAL_Driver/Src/stm32f3xx_hal_i2c.o
 .debug_line    0x0000991a      0x80d ./Drivers/STM32F3xx_HAL_Driver/Src/stm32f3xx_hal_i2c_ex.o
 .debug_line    0x0000a127     0x14bc ./Drivers/STM32F3xx_HAL_Driver/Src/stm32f3xx_hal_rcc.o
 .debug_line    0x0000b5e3      0xa1d ./Drivers/STM32F3xx_HAL_Driver/Src/stm32f3xx_hal_rcc_ex.o
 .debug_line    0x0000c000     0x3c28 ./Drivers/STM32F3xx_HAL_Driver/Src/stm32f3xx_hal_tim.o
 .debug_line    0x0000fc28     0x191c ./Drivers/STM32F3xx_HAL_Driver/Src/stm32f3xx_hal_tim_ex.o
 .debug_line    0x00011544     0x2b47 ./Drivers/STM32F3xx_HAL_Driver/Src/stm32f3xx_hal_uart.o
 .debug_line    0x0001408b      0xa8c ./Drivers/STM32F3xx_HAL_Driver/Src/stm32f3xx_hal_uart_ex.o
 .debug_line    0x00014b17      0x923 ./Drivers/mpu6500/mpu6500.o

.debug_str      0x00000000    0xa61cc
 .debug_str     0x00000000    0xa61cc ./Core/Src/control.o
                              0x9de89 (size before relaxing)
 .debug_str     0x000a61cc    0xa2607 ./Core/Src/main.o
 .debug_str     0x000a61cc    0x9e592 ./Core/Src/stm32f3xx_hal_msp.o
 .debug_str     0x000a61cc    0x9dc83 ./Core/Src/stm32f3xx_it.o
 .debug_str     0x000a61cc    0x9d7c2 ./Core/Src/system_stm32f3xx.o
 .debug_str     0x000a61cc    0xa10ab ./Core/Src/uart_comm.o
 .debug_str     0x000a61cc       0x6a ./Core/Startup/startup_stm32f303k8tx.o
 .debug_str     0x000a61cc    0x9deb2 ./Drivers/STM32F3xx_HAL_Driver/Src/stm32f3xx_hal.o
 .debug_str     0x000a61cc    0x9ddd7 ./Drivers/STM32F3xx_HAL_Driver/Src/stm32f3xx_hal_cortex.o
 .debug_str     0x000a61cc    0x9db0a ./Drivers/STM32F3xx_HAL_Driver/Src/stm32f3xx_hal_dma.o
 .debug_str     0x000a61cc    0x9d9a1 ./Drivers/STM32F3xx_HAL_Driver/Src/stm32f3xx_hal_gpio.o
 .debug_str     0x000a61cc    0x9eac2 ./Drivers/STM32F3xx_HAL_Driver/Src/stm32f3xx_hal_i2c.o
 .debug_str     0x000a61cc    0x9dd3f ./Drivers/STM32F3xx_HAL_Driver/Src/stm32f3xx_hal_i2c_ex.o
 .debug_str     0x000a61cc    0x9dc62 ./Drivers/STM32F3xx_HAL_Driver/Src/stm32f3xx_hal_rcc.o
 .debug_str     0x000a61cc    0x9d961 ./Drivers/STM32F3xx_HAL_Driver/Src/stm32f3xx_hal_rcc_ex.o
 .debug_str     0x000a61cc    0x9ebf9 ./Drivers/STM32F3xx_HAL_Driver/Src/stm32f3xx_hal_tim.o
 .debug_str     0x000a61cc    0x9e43f ./Drivers/STM32F3xx_HAL_Driver/Src/stm32f3xx_hal_tim_ex.o
 .debug_str     0x000a61cc    0x9e4e5 ./Drivers/STM32F3xx_HAL_Driver/Src/stm32f3xx_hal_uart.o
 .debug_str     0x000a61cc    0x9ddea ./Drivers/STM32F3xx_HAL_Driver/Src/stm32f3xx_hal_uart_ex.o
 .debug_str     0x000a61cc    0x9dd8b ./Drivers/mpu6500/mpu6500.o

.comment        0x00000000       0x43
 .comment       0x00000000       0x43 ./Core/Src/control.o
                                 0x44 (size before relaxing)
 .comment       0x00000043       0x44 ./Core/Src/main.o
 .comment       0x00000043       0x44 ./Core/Src/stm32f3xx_hal_msp.o
 .comment       0x00000043       0x44 ./Core/Src/stm32f3xx_it.o
 .comment       0x00000043       0x44 ./Core/Src/system_stm32f3xx.o
 .comment       0x00000043       0x44 ./Core/Src/uart_comm.o
 .comment       0x00000043       0x44 ./Drivers/STM32F3xx_HAL_Driver/Src/stm32f3xx_hal.o
 .comment       0x00000043       0x44 ./Drivers/STM32F3xx_HAL_Driver/Src/stm32f3xx_hal_cortex.o
 .comment       0x00000043       0x44 ./Drivers/STM32F3xx_HAL_Driver/Src/stm32f3xx_hal_dma.o
 .comment       0x00000043       0x44 ./Drivers/STM32F3xx_HAL_Driver/Src/stm32f3xx_hal_gpio.o
 .comment       0x00000043       0x44 ./Drivers/STM32F3xx_HAL_Driver/Src/stm32f3xx_hal_i2c.o
 .comment       0x00000043       0x44 ./Drivers/STM32F3xx_HAL_Driver/Src/stm32f3xx_hal_i2c_ex.o
 .comment       0x00000043       0x44 ./Drivers/STM32F3xx_HAL_Driver/Src/stm32f3xx_hal_rcc.o
 .comment       0x00000043       0x44 ./Drivers/STM32F3xx_HAL_Driver/Src/stm32f3xx_hal_rcc_ex.o
 .comment       0x00000043       0x44 ./Drivers/STM32F3xx_HAL_Driver/Src/stm32f3xx_hal_tim.o
 .comment       0x00000043       0x44 ./Drivers/STM32F3xx_HAL_Driver/Src/stm32f3xx_hal_tim_ex.o
 .comment       0x00000043       0x44 ./Drivers/STM32F3xx_HAL_Driver/Src/stm32f3xx_hal_uart.o
 .comment       0x00000043       0x44 ./Drivers/STM32F3xx_HAL_Driver/Src/stm32f3xx_hal_uart_ex.o
 .comment       0x00000043       0x44 ./Drivers/mpu6500/mpu6500.o

.debug_frame    0x00000000     0x47b8
 .debug_frame   0x00000000       0x84 ./Core/Src/control.o
 .debug_frame   0x00000084      0x134 ./Core/Src/main.o
 .debug_frame   0x000001b8      0x13c ./Core/Src/stm32f3xx_hal_msp.o
 .debug_frame   0x000002f4      0x158 ./Core/Src/stm32f3xx_it.o
 .debug_frame   0x0000044c       0x58 ./Core/Src/system_stm32f3xx.o
 .debug_frame   0x000004a4      0x2ac ./Core/Src/uart_comm.o
 .debug_frame   0x00000750      0x334 ./Drivers/STM32F3xx_HAL_Driver/Src/stm32f3xx_hal.o
 .debug_frame   0x00000a84      0x428 ./Drivers/STM32F3xx_HAL_Driver/Src/stm32f3xx_hal_cortex.o
 .debug_frame   0x00000eac      0x224 ./Drivers/STM32F3xx_HAL_Driver/Src/stm32f3xx_hal_dma.o
 .debug_frame   0x000010d0      0x14c ./Drivers/STM32F3xx_HAL_Driver/Src/stm32f3xx_hal_gpio.o
 .debug_frame   0x0000121c      0xc38 ./Drivers/STM32F3xx_HAL_Driver/Src/stm32f3xx_hal_i2c.o
 .debug_frame   0x00001e54      0x100 ./Drivers/STM32F3xx_HAL_Driver/Src/stm32f3xx_hal_i2c_ex.o
 .debug_frame   0x00001f54      0x214 ./Drivers/STM32F3xx_HAL_Driver/Src/stm32f3xx_hal_rcc.o
 .debug_frame   0x00002168       0xac ./Drivers/STM32F3xx_HAL_Driver/Src/stm32f3xx_hal_rcc_ex.o
 .debug_frame   0x00002214     0x1218 ./Drivers/STM32F3xx_HAL_Driver/Src/stm32f3xx_hal_tim.o
 .debug_frame   0x0000342c      0x688 ./Drivers/STM32F3xx_HAL_Driver/Src/stm32f3xx_hal_tim_ex.o
 .debug_frame   0x00003ab4      0x9e8 ./Drivers/STM32F3xx_HAL_Driver/Src/stm32f3xx_hal_uart.o
 .debug_frame   0x0000449c      0x1b4 ./Drivers/STM32F3xx_HAL_Driver/Src/stm32f3xx_hal_uart_ex.o
 .debug_frame   0x00004650       0xf4 ./Drivers/mpu6500/mpu6500.o
 .debug_frame   0x00004744       0x20 /opt/st/stm32cubeide_1.18.1/plugins/com.st.stm32cube.ide.mcu.externaltools.gnu-tools-for-stm32.13.3.rel1.linux64_1.0.0.202410170706/tools/bin/../lib/gcc/arm-none-eabi/13.3.1/../../../../arm-none-eabi/lib/thumb/v7e-m+fp/hard/libc_nano.a(libc_a-memset.o)
 .debug_frame   0x00004764       0x2c /opt/st/stm32cubeide_1.18.1/plugins/com.st.stm32cube.ide.mcu.externaltools.gnu-tools-for-stm32.13.3.rel1.linux64_1.0.0.202410170706/tools/bin/../lib/gcc/arm-none-eabi/13.3.1/../../../../arm-none-eabi/lib/thumb/v7e-m+fp/hard/libc_nano.a(libc_a-init.o)
 .debug_frame   0x00004790       0x28 /opt/st/stm32cubeide_1.18.1/plugins/com.st.stm32cube.ide.mcu.externaltools.gnu-tools-for-stm32.13.3.rel1.linux64_1.0.0.202410170706/tools/bin/../lib/gcc/arm-none-eabi/13.3.1/../../../../arm-none-eabi/lib/thumb/v7e-m+fp/hard/libc_nano.a(libc_a-memcpy-stub.o)

.debug_line_str
                0x00000000       0x4e
 .debug_line_str
                0x00000000       0x4e ./Core/Startup/startup_stm32f303k8tx.o
