Archive member included to satisfy reference by file (symbol)

C:/ST/STM32CubeIDE_1.19.0/STM32CubeIDE/plugins/com.st.stm32cube.ide.mcu.externaltools.gnu-tools-for-stm32.13.3.rel1.win32_1.0.0.202411081344/tools/bin/../lib/gcc/arm-none-eabi/13.3.1/../../../../arm-none-eabi/lib/thumb/v7e-m+fp/hard\libc_nano.a(libc_a-exit.o)
                              C:/ST/STM32CubeIDE_1.19.0/STM32CubeIDE/plugins/com.st.stm32cube.ide.mcu.externaltools.gnu-tools-for-stm32.13.3.rel1.win32_1.0.0.202411081344/tools/bin/../lib/gcc/arm-none-eabi/13.3.1/../../../../arm-none-eabi/lib/thumb/v7e-m+fp/hard/crt0.o (exit)
C:/ST/STM32CubeIDE_1.19.0/STM32CubeIDE/plugins/com.st.stm32cube.ide.mcu.externaltools.gnu-tools-for-stm32.13.3.rel1.win32_1.0.0.202411081344/tools/bin/../lib/gcc/arm-none-eabi/13.3.1/../../../../arm-none-eabi/lib/thumb/v7e-m+fp/hard\libc_nano.a(libc_a-findfp.o)
                              C:/ST/STM32CubeIDE_1.19.0/STM32CubeIDE/plugins/com.st.stm32cube.ide.mcu.externaltools.gnu-tools-for-stm32.13.3.rel1.win32_1.0.0.202411081344/tools/bin/../lib/gcc/arm-none-eabi/13.3.1/../../../../arm-none-eabi/lib/thumb/v7e-m+fp/hard\libc_nano.a(libc_a-exit.o) (__stdio_exit_handler)
C:/ST/STM32CubeIDE_1.19.0/STM32CubeIDE/plugins/com.st.stm32cube.ide.mcu.externaltools.gnu-tools-for-stm32.13.3.rel1.win32_1.0.0.202411081344/tools/bin/../lib/gcc/arm-none-eabi/13.3.1/../../../../arm-none-eabi/lib/thumb/v7e-m+fp/hard\libc_nano.a(libc_a-fwalk.o)
                              C:/ST/STM32CubeIDE_1.19.0/STM32CubeIDE/plugins/com.st.stm32cube.ide.mcu.externaltools.gnu-tools-for-stm32.13.3.rel1.win32_1.0.0.202411081344/tools/bin/../lib/gcc/arm-none-eabi/13.3.1/../../../../arm-none-eabi/lib/thumb/v7e-m+fp/hard\libc_nano.a(libc_a-findfp.o) (_fwalk_sglue)
C:/ST/STM32CubeIDE_1.19.0/STM32CubeIDE/plugins/com.st.stm32cube.ide.mcu.externaltools.gnu-tools-for-stm32.13.3.rel1.win32_1.0.0.202411081344/tools/bin/../lib/gcc/arm-none-eabi/13.3.1/../../../../arm-none-eabi/lib/thumb/v7e-m+fp/hard\libc_nano.a(libc_a-stdio.o)
                              C:/ST/STM32CubeIDE_1.19.0/STM32CubeIDE/plugins/com.st.stm32cube.ide.mcu.externaltools.gnu-tools-for-stm32.13.3.rel1.win32_1.0.0.202411081344/tools/bin/../lib/gcc/arm-none-eabi/13.3.1/../../../../arm-none-eabi/lib/thumb/v7e-m+fp/hard\libc_nano.a(libc_a-findfp.o) (__sread)
C:/ST/STM32CubeIDE_1.19.0/STM32CubeIDE/plugins/com.st.stm32cube.ide.mcu.externaltools.gnu-tools-for-stm32.13.3.rel1.win32_1.0.0.202411081344/tools/bin/../lib/gcc/arm-none-eabi/13.3.1/../../../../arm-none-eabi/lib/thumb/v7e-m+fp/hard\libc_nano.a(libc_a-memset.o)
                              C:/ST/STM32CubeIDE_1.19.0/STM32CubeIDE/plugins/com.st.stm32cube.ide.mcu.externaltools.gnu-tools-for-stm32.13.3.rel1.win32_1.0.0.202411081344/tools/bin/../lib/gcc/arm-none-eabi/13.3.1/../../../../arm-none-eabi/lib/thumb/v7e-m+fp/hard/crt0.o (memset)
C:/ST/STM32CubeIDE_1.19.0/STM32CubeIDE/plugins/com.st.stm32cube.ide.mcu.externaltools.gnu-tools-for-stm32.13.3.rel1.win32_1.0.0.202411081344/tools/bin/../lib/gcc/arm-none-eabi/13.3.1/../../../../arm-none-eabi/lib/thumb/v7e-m+fp/hard\libc_nano.a(libc_a-closer.o)
                              C:/ST/STM32CubeIDE_1.19.0/STM32CubeIDE/plugins/com.st.stm32cube.ide.mcu.externaltools.gnu-tools-for-stm32.13.3.rel1.win32_1.0.0.202411081344/tools/bin/../lib/gcc/arm-none-eabi/13.3.1/../../../../arm-none-eabi/lib/thumb/v7e-m+fp/hard\libc_nano.a(libc_a-stdio.o) (_close_r)
C:/ST/STM32CubeIDE_1.19.0/STM32CubeIDE/plugins/com.st.stm32cube.ide.mcu.externaltools.gnu-tools-for-stm32.13.3.rel1.win32_1.0.0.202411081344/tools/bin/../lib/gcc/arm-none-eabi/13.3.1/../../../../arm-none-eabi/lib/thumb/v7e-m+fp/hard\libc_nano.a(libc_a-reent.o)
                              C:/ST/STM32CubeIDE_1.19.0/STM32CubeIDE/plugins/com.st.stm32cube.ide.mcu.externaltools.gnu-tools-for-stm32.13.3.rel1.win32_1.0.0.202411081344/tools/bin/../lib/gcc/arm-none-eabi/13.3.1/../../../../arm-none-eabi/lib/thumb/v7e-m+fp/hard\libc_nano.a(libc_a-closer.o) (errno)
C:/ST/STM32CubeIDE_1.19.0/STM32CubeIDE/plugins/com.st.stm32cube.ide.mcu.externaltools.gnu-tools-for-stm32.13.3.rel1.win32_1.0.0.202411081344/tools/bin/../lib/gcc/arm-none-eabi/13.3.1/../../../../arm-none-eabi/lib/thumb/v7e-m+fp/hard\libc_nano.a(libc_a-impure.o)
                              C:/ST/STM32CubeIDE_1.19.0/STM32CubeIDE/plugins/com.st.stm32cube.ide.mcu.externaltools.gnu-tools-for-stm32.13.3.rel1.win32_1.0.0.202411081344/tools/bin/../lib/gcc/arm-none-eabi/13.3.1/../../../../arm-none-eabi/lib/thumb/v7e-m+fp/hard\libc_nano.a(libc_a-reent.o) (_impure_ptr)
C:/ST/STM32CubeIDE_1.19.0/STM32CubeIDE/plugins/com.st.stm32cube.ide.mcu.externaltools.gnu-tools-for-stm32.13.3.rel1.win32_1.0.0.202411081344/tools/bin/../lib/gcc/arm-none-eabi/13.3.1/../../../../arm-none-eabi/lib/thumb/v7e-m+fp/hard\libc_nano.a(libc_a-lseekr.o)
[...]
Memory Configuration

Name             Origin             Length             Attributes
CCMRAM           0x10000000         0x00001000         xrw
RAM              0x20000000         0x00003000         xrw
FLASH            0x08000000         0x00010000         xr
*default*        0x00000000         0xffffffff

Linker script and memory map

LOAD C:/ST/STM32CubeIDE_1.19.0/STM32CubeIDE/plugins/com.st.stm32cube.ide.mcu.externaltools.gnu-tools-for-stm32.13.3.rel1.win32_1.0.0.202411081344/tools/bin/../lib/gcc/arm-none-eabi/13.3.1/thumb/v7e-m+fp/hard/crti.o
LOAD C:/ST/STM32CubeIDE_1.19.0/STM32CubeIDE/plugins/com.st.stm32cube.ide.mcu.externaltools.gnu-tools-for-stm32.13.3.rel1.win32_1.0.0.202411081344/tools/bin/../lib/gcc/arm-none-eabi/13.3.1/thumb/v7e-m+fp/hard/crtbegin.o
LOAD C:/ST/STM32CubeIDE_1.19.0/STM32CubeIDE/plugins/com.st.stm32cube.ide.mcu.externaltools.gnu-tools-for-stm32.13.3.rel1.win32_1.0.0.202411081344/tools/bin/../lib/gcc/arm-none-eabi/13.3.1/../../../../arm-none-eabi/lib/thumb/v7e-m+fp/hard/crt0.o
LOAD ./Core/Src/control.o
LOAD ./Core/Src/main.o
LOAD ./Core/Src/stm32f3xx_hal_msp.o
LOAD ./Core/Src/stm32f3xx_it.o
LOAD ./Core/Src/syscalls.o
LOAD ./Core/Src/sysmem.o
LOAD ./Core/Src/system_stm32f3xx.o
LOAD ./Core/Src/uart_comm.o
LOAD ./Core/Startup/startup_stm32f303k8tx.o
LOAD ./Drivers/STM32F3xx_HAL_Driver/Src/stm32f3xx_hal.o
LOAD ./Drivers/STM32F3xx_HAL_Driver/Src/stm32f3xx_hal_cortex.o
LOAD ./Drivers/STM32F3xx_HAL_Driver/Src/stm32f3xx_hal_dma.o
LOAD ./Drivers/STM32F3xx_HAL_Driver/Src/stm32f3xx_hal_exti.o
LOAD ./Drivers/STM32F3xx_HAL_Driver/Src/stm32f3xx_hal_flash.o
LOAD ./Drivers/STM32F3xx_HAL_Driver/Src/stm32f3xx_hal_flash_ex.o
LOAD ./Drivers/STM32F3xx_HAL_Driver/Src/stm32f3xx_hal_gpio.o
LOAD ./Drivers/STM32F3xx_HAL_Driver/Src/stm32f3xx_hal_i2c.o
LOAD ./Drivers/STM32F3xx_HAL_Driver/Src/stm32f3xx_hal_i2c_ex.o
LOAD ./Drivers/STM32F3xx_HAL_Driver/Src/stm32f3xx_hal_pwr.o
LOAD ./Drivers/STM32F3xx_HAL_Driver/Src/stm32f3xx_hal_pwr_ex.o
LOAD ./Drivers/STM32F3xx_HAL_Driver/Src/stm32f3xx_hal_rcc.o
LOAD ./Drivers/STM32F3xx_HAL_Driver/Src/stm32f3xx_hal_rcc_ex.o
LOAD ./Drivers/STM32F3xx_HAL_Driver/Src/stm32f3xx_hal_tim.o
LOAD ./Drivers/STM32F3xx_HAL_Driver/Src/stm32f3xx_hal_tim_ex.o
LOAD ./Drivers/STM32F3xx_HAL_Driver/Src/stm32f3xx_hal_uart.o
LOAD ./Drivers/STM32F3xx_HAL_Driver/Src/stm32f3xx_hal_uart_ex.o
LOAD ./Drivers/mpu6500/mpu6500.o
START GROUP
LOAD C:/ST/STM32CubeIDE_1.19.0/STM32CubeIDE/plugins/com.st.stm32cube.ide.mcu.externaltools.gnu-tools-for-stm32.13.3.rel1.win32_1.0.0.202411081344/tools/bin/../lib/gcc/arm-none-eabi/13.3.1/../../../../arm-none-eabi/lib/thumb/v7e-m+fp/hard\libc_nano.a
LOAD C:/ST/STM32CubeIDE_1.19.0/STM32CubeIDE/plugins/com.st.stm32cube.ide.mcu.externaltools.gnu-tools-for-stm32.13.3.rel1.win32_1.0.0.202411081344/tools/bin/../lib/gcc/arm-none-eabi/13.3.1/../../../../arm-none-eabi/lib/thumb/v7e-m+fp/hard\libm.a
END GROUP
START GROUP
LOAD C:/ST/STM32CubeIDE_1.19.0/STM32CubeIDE/plugins/com.st.stm32cube.ide.mcu.externaltools.gnu-tools-for-stm32.13.3.rel1.win32_1.0.0.202411081344/tools/bin/../lib/gcc/arm-none-eabi/13.3.1/thumb/v7e-m+fp/hard\libgcc.a
LOAD C:/ST/STM32CubeIDE_1.19.0/STM32CubeIDE/plugins/com.st.stm32cube.ide.mcu.externaltools.gnu-tools-for-stm32.13.3.rel1.win32_1.0.0.202411081344/tools/bin/../lib/gcc/arm-none-eabi/13.3.1/../../../../arm-none-eabi/lib/thumb/v7e-m+fp/hard\libc_nano.a
END GROUP
START GROUP
LOAD C:/ST/STM32CubeIDE_1.19.0/STM32CubeIDE/plugins/com.st.stm32cube.ide.mcu.externaltools.gnu-tools-for-stm32.13.3.rel1.win32_1.0.0.202411081344/tools/bin/../lib/gcc/arm-none-eabi/13.3.1/thumb/v7e-m+fp/hard\libgcc.a
LOAD C:/ST/STM32CubeIDE_1.19.0/STM32CubeIDE/plugins/com.st.stm32cube.ide.mcu.externaltools.gnu-tools-for-stm32.13.3.rel1.win32_1.0.0.202411081344/tools/bin/../lib/gcc/arm-none-eabi/13.3.1/../../../../arm-none-eabi/lib/thumb/v7e-m+fp/hard\libc_nano.a
LOAD C:/ST/STM32CubeIDE_1.19.0/STM32CubeIDE/plugins/com.st.stm32cube.ide.mcu.externaltools.gnu-tools-for-stm32.13.3.rel1.win32_1.0.0.202411081344/tools/bin/../lib/gcc/arm-none-eabi/13.3.1/../../../../arm-none-eabi/lib/thumb/v7e-m+fp/hard\libnosys.a
END GROUP
START GROUP
LOAD C:/ST/STM32CubeIDE_1.19.0/STM32CubeIDE/plugins/com.st.stm32cube.ide.mcu.externaltools.gnu-tools-for-stm32.13.3.rel1.win32_1.0.0.202411081344/tools/bin/../lib/gcc/arm-none-eabi/13.3.1/thumb/v7e-m+fp/hard\libgcc.a
LOAD C:/ST/STM32CubeIDE_1.19.0/STM32CubeIDE/plugins/com.st.stm32cube.ide.mcu.externaltools.gnu-tools-for-stm32.13.3.rel1.win32_1.0.0.202411081344/tools/bin/../lib/gcc/arm-none-eabi/13.3.1/../../../../arm-none-eabi/lib/thumb/v7e-m+fp/hard\libc_nano.a
LOAD C:/ST/STM32CubeIDE_1.19.0/STM32CubeIDE/plugins/com.st.stm32cube.ide.mcu.externaltools.gnu-tools-for-stm32.13.3.rel1.win32_1.0.0.202411081344/tools/bin/../lib/gcc/arm-none-eabi/13.3.1/../../../../arm-none-eabi/lib/thumb/v7e-m+fp/hard\libnosys.a
END GROUP
LOAD C:/ST/STM32CubeIDE_1.19.0/STM32CubeIDE/plugins/com.st.stm32cube.ide.mcu.externaltools.gnu-tools-for-stm32.13.3.rel1.win32_1.0.0.202411081344/tools/bin/../lib/gcc/arm-none-eabi/13.3.1/thumb/v7e-m+fp/hard/crtend.o
LOAD C:/ST/STM32CubeIDE_1.19.0/STM32CubeIDE/plugins/com.st.stm32cube.ide.mcu.externaltools.gnu-tools-for-stm32.13.3.rel1.win32_1.0.0.202411081344/tools/bin/../lib/gcc/arm-none-eabi/13.3.1/thumb/v7e-m+fp/hard/crtn.o
                0x20003000                        _estack = (ORIGIN (RAM) + LENGTH (RAM))
                0x00000200                        _Min_Heap_Size = 0x200
                0x00000400                        _Min_Stack_Size = 0x400

.isr_vector     0x08000000      0x188
                0x08000000                        . = ALIGN (0x4)
 *(.isr_vector)
 .isr_vector    0x08000000      0x188 ./Core/Startup/startup_stm32f303k8tx.o
                0x08000000                g_pfnVectors
                0x08000188                        . = ALIGN (0x4)

.text           0x08000188     0x66bc
                0x08000188                        . = ALIGN (0x4)
 *(.text)
 .text          0x08000188       0x40 C:/ST/STM32CubeIDE_1.19.0/STM32CubeIDE/plugins/com.st.stm32cube.ide.mcu.externaltools.gnu-tools-for-stm32.13.3.rel1.win32_1.0.0.202411081344/tools/bin/../lib/gcc/arm-none-eabi/13.3.1/thumb/v7e-m+fp/hard/crtbegin.o
 *(.text*)
 .text.DC_Motor_Init
                0x080001c8       0x42 ./Core/Src/control.o
                0x080001c8                DC_Motor_Init
 .text.DC_Motor_Set
                0x0800020a      0x140 ./Core/Src/control.o
                0x0800020a                DC_Motor_Set
 *fill*         0x0800034a        0x2 
 .text.tank_control
                0x0800034c      0x214 ./Core/Src/control.o
                0x0800034c                tank_control
 .text.main     0x08000560       0xdc ./Core/Src/main.o
                0x08000560                main
 .text.SystemClock_Config
                0x0800063c       0xb6 ./Core/Src/main.o
                0x0800063c                SystemClock_Config
 *fill*         0x080006f2        0x2 
 .text.MX_I2C1_Init
                0x080006f4       0x80 ./Core/Src/main.o
 .text.MX_TIM1_Init
                0x08000774      0x170 ./Core/Src/main.o
 .text.MX_USART2_UART_Init
                0x080008e4       0x60 ./Core/Src/main.o
 .text.MX_DMA_Init
                0x08000944       0x4c ./Core/Src/main.o
 .text.MX_GPIO_Init
                0x08000990       0x94 ./Core/Src/main.o
 .text.Error_Handler
                0x08000a24        0xc ./Core/Src/main.o
                0x08000a24                Error_Handler
 .text.HAL_MspInit
                0x08000a30       0x48 ./Core/Src/stm32f3xx_hal_msp.o
                0x08000a30                HAL_MspInit
 .text.HAL_I2C_MspInit
                0x08000a78       0x88 ./Core/Src/stm32f3xx_hal_msp.o
                0x08000a78                HAL_I2C_MspInit
 .text.HAL_TIM_Base_MspInit
                0x08000b00       0x40 ./Core/Src/stm32f3xx_hal_msp.o
                0x08000b00                HAL_TIM_Base_MspInit
 .text.HAL_TIM_MspPostInit
                0x08000b40       0x70 ./Core/Src/stm32f3xx_hal_msp.o
                0x08000b40                HAL_TIM_MspPostInit
 .text.HAL_UART_MspInit
                0x08000bb0      0x140 ./Core/Src/stm32f3xx_hal_msp.o
                0x08000bb0                HAL_UART_MspInit
 .text.USART2_IRQHandler
                0x08000cf0       0x18 ./Core/Src/stm32f3xx_it.o
                0x08000cf0                USART2_IRQHandler
 .text.NMI_Handler
                0x08000d08        0x8 ./Core/Src/stm32f3xx_it.o
                0x08000d08                NMI_Handler
 .text.HardFault_Handler
                0x08000d10        0x8 ./Core/Src/stm32f3xx_it.o
                0x08000d10                HardFault_Handler
 .text.MemManage_Handler
                0x08000d18        0x8 ./Core/Src/stm32f3xx_it.o
                0x08000d18                MemManage_Handler
 .text.BusFault_Handler
                0x08000d20        0x8 ./Core/Src/stm32f3xx_it.o
                0x08000d20                BusFault_Handler
 .text.UsageFault_Handler
                0x08000d28        0x8 ./Core/Src/stm32f3xx_it.o
                0x08000d28                UsageFault_Handler
 .text.SVC_Handler
                0x08000d30        0xe ./Core/Src/stm32f3xx_it.o
                0x08000d30                SVC_Handler
 .text.DebugMon_Handler
                0x08000d3e        0xe ./Core/Src/stm32f3xx_it.o
                0x08000d3e                DebugMon_Handler
 .text.PendSV_Handler
                0x08000d4c        0xe ./Core/Src/stm32f3xx_it.o
                0x08000d4c                PendSV_Handler
 .text.SysTick_Handler
                0x08000d5a        0xc ./Core/Src/stm32f3xx_it.o
                0x08000d5a                SysTick_Handler
 *fill*         0x08000d66        0x2 
 .text.DMA1_Channel6_IRQHandler
                0x08000d68       0x14 ./Core/Src/stm32f3xx_it.o
                0x08000d68                DMA1_Channel6_IRQHandler
 .text.DMA1_Channel7_IRQHandler
                0x08000d7c       0x14 ./Core/Src/stm32f3xx_it.o
                0x08000d7c                DMA1_Channel7_IRQHandler
 .text.SystemInit
                0x08000d90       0x24 ./Core/Src/system_stm32f3xx.o
                0x08000d90                SystemInit
 .text.crc16_ccitt_false
                0x08000db4       0x84 ./Core/Src/uart_comm.o
 .text.rb_push  0x08000e38       0x64 ./Core/Src/uart_comm.o
 .text.rb_peek  0x08000e9c       0x88 ./Core/Src/uart_comm.o
 .text.rb_drop  0x08000f24       0x7c ./Core/Src/uart_comm.o
 .text.uartcomm_drain_dma_to_rb
                0x08000fa0       0xe0 ./Core/Src/uart_comm.o
 .text.UARTComm_Init
                0x08001080      0x13c ./Core/Src/uart_comm.o
                0x08001080                UARTComm_Init
 .text.HAL_UART_TxCpltCallback
                0x080011bc       0x2c ./Core/Src/uart_comm.o
                0x080011bc                HAL_UART_TxCpltCallback
 .text.UARTComm_OnUartIrq
                0x080011e8       0x54 ./Core/Src/uart_comm.o
                0x080011e8                UARTComm_OnUartIrq
 .text.parse_one_frame
                0x0800123c      0x104 ./Core/Src/uart_comm.o
 .text.UARTComm_Process
                0x08001340       0x60 ./Core/Src/uart_comm.o
                0x08001340                UARTComm_Process
 .text.read_linear_input
                0x080013a0       0x2c ./Core/Src/uart_comm.o
                0x080013a0                read_linear_input
 .text.read_angular_input
                0x080013cc       0x2c ./Core/Src/uart_comm.o
                0x080013cc                read_angular_input
 .text.Reset_Handler
                0x080013f8       0x50 ./Core/Startup/startup_stm32f303k8tx.o
                0x080013f8                Reset_Handler
 .text.Default_Handler
                0x08001448        0x2 ./Core/Startup/startup_stm32f303k8tx.o
                0x08001448                RTC_Alarm_IRQHandler
                0x08001448                TIM1_CC_IRQHandler
                0x08001448                PVD_IRQHandler
                0x08001448                TAMP_STAMP_IRQHandler
                0x08001448                EXTI3_IRQHandler
                0x08001448                EXTI0_IRQHandler
                0x08001448                FPU_IRQHandler
                0x08001448                CAN_TX_IRQHandler
                0x08001448                TIM1_UP_TIM16_IRQHandler
                0x08001448                ADC1_2_IRQHandler
                0x08001448                SPI1_IRQHandler
                0x08001448                CAN_SCE_IRQHandler
                0x08001448                DMA1_Channel4_IRQHandler
                0x08001448                USART3_IRQHandler
                0x08001448                TIM7_DAC2_IRQHandler
                0x08001448                CAN_RX1_IRQHandler
                0x08001448                I2C1_EV_IRQHandler
                0x08001448                TIM3_IRQHandler
                0x08001448                RCC_IRQHandler
                0x08001448                DMA1_Channel1_IRQHandler
                0x08001448                Default_Handler
                0x08001448                EXTI15_10_IRQHandler
                0x08001448                COMP2_IRQHandler
                0x08001448                TIM6_DAC1_IRQHandler
                0x08001448                EXTI9_5_IRQHandler
                0x08001448                RTC_WKUP_IRQHandler
                0x08001448                DMA1_Channel5_IRQHandler
                0x08001448                EXTI4_IRQHandler
                0x08001448                TIM1_TRG_COM_TIM17_IRQHandler
                0x08001448                DMA1_Channel3_IRQHandler
                0x08001448                WWDG_IRQHandler
                0x08001448                TIM2_IRQHandler
                0x08001448                EXTI1_IRQHandler
                0x08001448                COMP4_6_IRQHandler
                0x08001448                DMA1_Channel2_IRQHandler
                0x08001448                FLASH_IRQHandler
                0x08001448                USART1_IRQHandler
                0x08001448                CAN_RX0_IRQHandler
                0x08001448                I2C1_ER_IRQHandler
                0x08001448                EXTI2_TSC_IRQHandler
                0x08001448                TIM1_BRK_TIM15_IRQHandler
 *fill*         0x0800144a        0x2 
 .text.HAL_Init
                0x0800144c       0x2c ./Drivers/STM32F3xx_HAL_Driver/Src/stm32f3xx_hal.o
                0x0800144c                HAL_Init
 .text.HAL_InitTick
                0x08001478       0x60 ./Drivers/STM32F3xx_HAL_Driver/Src/stm32f3xx_hal.o
                0x08001478                HAL_InitTick
 .text.HAL_IncTick
                0x080014d8       0x28 ./Drivers/STM32F3xx_HAL_Driver/Src/stm32f3xx_hal.o
                0x080014d8                HAL_IncTick
 .text.HAL_GetTick
                0x08001500       0x18 ./Drivers/STM32F3xx_HAL_Driver/Src/stm32f3xx_hal.o
                0x08001500                HAL_GetTick
 .text.HAL_Delay
                0x08001518       0x48 ./Drivers/STM32F3xx_HAL_Driver/Src/stm32f3xx_hal.o
                0x08001518                HAL_Delay
 .text.__NVIC_SetPriorityGrouping
                0x08001560       0x48 ./Drivers/STM32F3xx_HAL_Driver/Src/stm32f3xx_hal_cortex.o
 .text.__NVIC_GetPriorityGrouping
                0x080015a8       0x1c ./Drivers/STM32F3xx_HAL_Driver/Src/stm32f3xx_hal_cortex.o
 .text.__NVIC_EnableIRQ
                0x080015c4       0x3c ./Drivers/STM32F3xx_HAL_Driver/Src/stm32f3xx_hal_cortex.o
 .text.__NVIC_SetPriority
                0x08001600       0x54 ./Drivers/STM32F3xx_HAL_Driver/Src/stm32f3xx_hal_cortex.o
 .text.NVIC_EncodePriority
                0x08001654       0x66 ./Drivers/STM32F3xx_HAL_Driver/Src/stm32f3xx_hal_cortex.o
 *fill*         0x080016ba        0x2 
 .text.SysTick_Config
                0x080016bc       0x44 ./Drivers/STM32F3xx_HAL_Driver/Src/stm32f3xx_hal_cortex.o
 .text.HAL_NVIC_SetPriorityGrouping
                0x08001700       0x16 ./Drivers/STM32F3xx_HAL_Driver/Src/stm32f3xx_hal_cortex.o
                0x08001700                HAL_NVIC_SetPriorityGrouping
 .text.HAL_NVIC_SetPriority
                0x08001716       0x38 ./Drivers/STM32F3xx_HAL_Driver/Src/stm32f3xx_hal_cortex.o
                0x08001716                HAL_NVIC_SetPriority
 .text.HAL_NVIC_EnableIRQ
                0x0800174e       0x1c ./Drivers/STM32F3xx_HAL_Driver/Src/stm32f3xx_hal_cortex.o
                0x0800174e                HAL_NVIC_EnableIRQ
 .text.HAL_SYSTICK_Config
                0x0800176a       0x18 ./Drivers/STM32F3xx_HAL_Driver/Src/stm32f3xx_hal_cortex.o
                0x0800176a                HAL_SYSTICK_Config
 .text.HAL_DMA_Init
                0x08001782       0x8e ./Drivers/STM32F3xx_HAL_Driver/Src/stm32f3xx_hal_dma.o
                0x08001782                HAL_DMA_Init
 .text.HAL_DMA_Start_IT
                0x08001810       0xbe ./Drivers/STM32F3xx_HAL_Driver/Src/stm32f3xx_hal_dma.o
                0x08001810                HAL_DMA_Start_IT
 .text.HAL_DMA_Abort
                0x080018ce       0x7c ./Drivers/STM32F3xx_HAL_Driver/Src/stm32f3xx_hal_dma.o
                0x080018ce                HAL_DMA_Abort
 .text.HAL_DMA_Abort_IT
                0x0800194a       0x7c ./Drivers/STM32F3xx_HAL_Driver/Src/stm32f3xx_hal_dma.o
                0x0800194a                HAL_DMA_Abort_IT
 .text.HAL_DMA_IRQHandler
                0x080019c6      0x146 ./Drivers/STM32F3xx_HAL_Driver/Src/stm32f3xx_hal_dma.o
                0x080019c6                HAL_DMA_IRQHandler
 .text.DMA_SetConfig
                0x08001b0c       0x5c ./Drivers/STM32F3xx_HAL_Driver/Src/stm32f3xx_hal_dma.o
 .text.DMA_CalcBaseAndBitshift
                0x08001b68       0x40 ./Drivers/STM32F3xx_HAL_Driver/Src/stm32f3xx_hal_dma.o
 .text.HAL_GPIO_Init
                0x08001ba8      0x2e4 ./Drivers/STM32F3xx_HAL_Driver/Src/stm32f3xx_hal_gpio.o
                0x08001ba8                HAL_GPIO_Init
 .text.HAL_GPIO_WritePin
                0x08001e8c       0x30 ./Drivers/STM32F3xx_HAL_Driver/Src/stm32f3xx_hal_gpio.o
                0x08001e8c                HAL_GPIO_WritePin
 .text.HAL_I2C_Init
                0x08001ebc      0x136 ./Drivers/STM32F3xx_HAL_Driver/Src/stm32f3xx_hal_i2c.o
                0x08001ebc                HAL_I2C_Init
 *fill*         0x08001ff2        0x2 
 .text.HAL_I2C_Mem_Write
                0x08001ff4      0x228 ./Drivers/STM32F3xx_HAL_Driver/Src/stm32f3xx_hal_i2c.o
                0x08001ff4                HAL_I2C_Mem_Write
 .text.HAL_I2C_Mem_Read
                0x0800221c      0x234 ./Drivers/STM32F3xx_HAL_Driver/Src/stm32f3xx_hal_i2c.o
                0x0800221c                HAL_I2C_Mem_Read
 .text.I2C_RequestMemoryWrite
                0x08002450       0xa8 ./Drivers/STM32F3xx_HAL_Driver/Src/stm32f3xx_hal_i2c.o
 .text.I2C_RequestMemoryRead
                0x080024f8       0xa8 ./Drivers/STM32F3xx_HAL_Driver/Src/stm32f3xx_hal_i2c.o
 .text.I2C_Flush_TXDR
                0x080025a0       0x48 ./Drivers/STM32F3xx_HAL_Driver/Src/stm32f3xx_hal_i2c.o
 .text.I2C_WaitOnFlagUntilTimeout
                0x080025e8       0xb2 ./Drivers/STM32F3xx_HAL_Driver/Src/stm32f3xx_hal_i2c.o
 .text.I2C_WaitOnTXISFlagUntilTimeout
                0x0800269a       0x8e ./Drivers/STM32F3xx_HAL_Driver/Src/stm32f3xx_hal_i2c.o
 .text.I2C_WaitOnSTOPFlagUntilTimeout
                0x08002728       0x86 ./Drivers/STM32F3xx_HAL_Driver/Src/stm32f3xx_hal_i2c.o
 *fill*         0x080027ae        0x2 
 .text.I2C_IsErrorOccurred
                0x080027b0      0x1c0 ./Drivers/STM32F3xx_HAL_Driver/Src/stm32f3xx_hal_i2c.o
 .text.I2C_TransferConfig
                0x08002970       0x64 ./Drivers/STM32F3xx_HAL_Driver/Src/stm32f3xx_hal_i2c.o
 .text.HAL_I2CEx_ConfigAnalogFilter
                0x080029d4       0x96 ./Drivers/STM32F3xx_HAL_Driver/Src/stm32f3xx_hal_i2c_ex.o
                0x080029d4                HAL_I2CEx_ConfigAnalogFilter
 .text.HAL_I2CEx_ConfigDigitalFilter
                0x08002a6a       0x98 ./Drivers/STM32F3xx_HAL_Driver/Src/stm32f3xx_hal_i2c_ex.o
                0x08002a6a                HAL_I2CEx_ConfigDigitalFilter
 *fill*         0x08002b02        0x2 
 .text.HAL_RCC_OscConfig
                0x08002b04     0x101c ./Drivers/STM32F3xx_HAL_Driver/Src/stm32f3xx_hal_rcc.o
                0x08002b04                HAL_RCC_OscConfig
 .text.HAL_RCC_ClockConfig
                0x08003b20      0x2dc ./Drivers/STM32F3xx_HAL_Driver/Src/stm32f3xx_hal_rcc.o
                0x08003b20                HAL_RCC_ClockConfig
 .text.HAL_RCC_GetSysClockFreq
                0x08003dfc       0xa8 ./Drivers/STM32F3xx_HAL_Driver/Src/stm32f3xx_hal_rcc.o
                0x08003dfc                HAL_RCC_GetSysClockFreq
 .text.HAL_RCC_GetHCLKFreq
                0x08003ea4       0x18 ./Drivers/STM32F3xx_HAL_Driver/Src/stm32f3xx_hal_rcc.o
                0x08003ea4                HAL_RCC_GetHCLKFreq
 .text.HAL_RCC_GetPCLK1Freq
                0x08003ebc       0x44 ./Drivers/STM32F3xx_HAL_Driver/Src/stm32f3xx_hal_rcc.o
                0x08003ebc                HAL_RCC_GetPCLK1Freq
 .text.HAL_RCC_GetPCLK2Freq
                0x08003f00       0x44 ./Drivers/STM32F3xx_HAL_Driver/Src/stm32f3xx_hal_rcc.o
                0x08003f00                HAL_RCC_GetPCLK2Freq
 .text.HAL_RCCEx_PeriphCLKConfig
                0x08003f44      0x248 ./Drivers/STM32F3xx_HAL_Driver/Src/stm32f3xx_hal_rcc_ex.o
                0x08003f44                HAL_RCCEx_PeriphCLKConfig
 .text.HAL_TIM_Base_Init
                0x0800418c       0xae ./Drivers/STM32F3xx_HAL_Driver/Src/stm32f3xx_hal_tim.o
                0x0800418c                HAL_TIM_Base_Init
 .text.HAL_TIM_PWM_Init
                0x0800423a       0xae ./Drivers/STM32F3xx_HAL_Driver/Src/stm32f3xx_hal_tim.o
                0x0800423a                HAL_TIM_PWM_Init
 .text.HAL_TIM_PWM_MspInit
                0x080042e8       0x14 ./Drivers/STM32F3xx_HAL_Driver/Src/stm32f3xx_hal_tim.o
                0x080042e8                HAL_TIM_PWM_MspInit
 .text.HAL_TIM_PWM_Start
                0x080042fc      0x1d8 ./Drivers/STM32F3xx_HAL_Driver/Src/stm32f3xx_hal_tim.o
                0x080042fc                HAL_TIM_PWM_Start
 .text.HAL_TIM_PWM_ConfigChannel
                0x080044d4      0x228 ./Drivers/STM32F3xx_HAL_Driver/Src/stm32f3xx_hal_tim.o
                0x080044d4                HAL_TIM_PWM_ConfigChannel
 .text.HAL_TIM_ConfigClockSource
                0x080046fc      0x192 ./Drivers/STM32F3xx_HAL_Driver/Src/stm32f3xx_hal_tim.o
                0x080046fc                HAL_TIM_ConfigClockSource
 *fill*         0x0800488e        0x2 
 .text.TIM_Base_SetConfig
                0x08004890      0x108 ./Drivers/STM32F3xx_HAL_Driver/Src/stm32f3xx_hal_tim.o
                0x08004890                TIM_Base_SetConfig
 .text.TIM_OC1_SetConfig
                0x08004998      0x10c ./Drivers/STM32F3xx_HAL_Driver/Src/stm32f3xx_hal_tim.o
 .text.TIM_OC2_SetConfig
                0x08004aa4      0x100 ./Drivers/STM32F3xx_HAL_Driver/Src/stm32f3xx_hal_tim.o
                0x08004aa4                TIM_OC2_SetConfig
 .text.TIM_OC3_SetConfig
                0x08004ba4       0xfc ./Drivers/STM32F3xx_HAL_Driver/Src/stm32f3xx_hal_tim.o
 .text.TIM_OC4_SetConfig
                0x08004ca0       0xc8 ./Drivers/STM32F3xx_HAL_Driver/Src/stm32f3xx_hal_tim.o
 .text.TIM_OC5_SetConfig
                0x08004d68       0xbc ./Drivers/STM32F3xx_HAL_Driver/Src/stm32f3xx_hal_tim.o
 .text.TIM_OC6_SetConfig
                0x08004e24       0xc0 ./Drivers/STM32F3xx_HAL_Driver/Src/stm32f3xx_hal_tim.o
 .text.TIM_TI1_ConfigInputStage
                0x08004ee4       0x5e ./Drivers/STM32F3xx_HAL_Driver/Src/stm32f3xx_hal_tim.o
 .text.TIM_TI2_ConfigInputStage
                0x08004f42       0x60 ./Drivers/STM32F3xx_HAL_Driver/Src/stm32f3xx_hal_tim.o
 .text.TIM_ITRx_SetConfig
                0x08004fa2       0x36 ./Drivers/STM32F3xx_HAL_Driver/Src/stm32f3xx_hal_tim.o
 .text.TIM_ETR_SetConfig
                0x08004fd8       0x40 ./Drivers/STM32F3xx_HAL_Driver/Src/stm32f3xx_hal_tim.o
                0x08004fd8                TIM_ETR_SetConfig
 .text.TIM_CCxChannelCmd
                0x08005018       0x4a ./Drivers/STM32F3xx_HAL_Driver/Src/stm32f3xx_hal_tim.o
                0x08005018                TIM_CCxChannelCmd
 *fill*         0x08005062        0x2 
 .text.HAL_TIMEx_MasterConfigSynchronization
                0x08005064       0xdc ./Drivers/STM32F3xx_HAL_Driver/Src/stm32f3xx_hal_tim_ex.o
                0x08005064                HAL_TIMEx_MasterConfigSynchronization
 .text.HAL_TIMEx_ConfigBreakDeadTime
                0x08005140       0xf0 ./Drivers/STM32F3xx_HAL_Driver/Src/stm32f3xx_hal_tim_ex.o
                0x08005140                HAL_TIMEx_ConfigBreakDeadTime
 .text.HAL_UART_Init
                0x08005230       0x9c ./Drivers/STM32F3xx_HAL_Driver/Src/stm32f3xx_hal_uart.o
                0x08005230                HAL_UART_Init
 .text.HAL_UART_Receive_DMA
                0x080052cc       0x88 ./Drivers/STM32F3xx_HAL_Driver/Src/stm32f3xx_hal_uart.o
                0x080052cc                HAL_UART_Receive_DMA
 .text.HAL_UART_IRQHandler
                0x08005354      0x5cc ./Drivers/STM32F3xx_HAL_Driver/Src/stm32f3xx_hal_uart.o
                0x08005354                HAL_UART_IRQHandler
 .text.HAL_UART_RxCpltCallback
                0x08005920       0x14 ./Drivers/STM32F3xx_HAL_Driver/Src/stm32f3xx_hal_uart.o
                0x08005920                HAL_UART_RxCpltCallback
 .text.HAL_UART_RxHalfCpltCallback
                0x08005934       0x14 ./Drivers/STM32F3xx_HAL_Driver/Src/stm32f3xx_hal_uart.o
                0x08005934                HAL_UART_RxHalfCpltCallback
 .text.HAL_UART_ErrorCallback
                0x08005948       0x14 ./Drivers/STM32F3xx_HAL_Driver/Src/stm32f3xx_hal_uart.o
                0x08005948                HAL_UART_ErrorCallback
 .text.HAL_UARTEx_RxEventCallback
                0x0800595c       0x18 ./Drivers/STM32F3xx_HAL_Driver/Src/stm32f3xx_hal_uart.o
                0x0800595c                HAL_UARTEx_RxEventCallback
 .text.UART_SetConfig
                0x08005974      0x26c ./Drivers/STM32F3xx_HAL_Driver/Src/stm32f3xx_hal_uart.o
                0x08005974                UART_SetConfig
 .text.UART_AdvFeatureConfig
                0x08005be0      0x144 ./Drivers/STM32F3xx_HAL_Driver/Src/stm32f3xx_hal_uart.o
                0x08005be0                UART_AdvFeatureConfig
 .text.UART_CheckIdleState
                0x08005d24      0x150 ./Drivers/STM32F3xx_HAL_Driver/Src/stm32f3xx_hal_uart.o
                0x08005d24                UART_CheckIdleState
 .text.UART_WaitOnFlagUntilTimeout
                0x08005e74       0xda ./Drivers/STM32F3xx_HAL_Driver/Src/stm32f3xx_hal_uart.o
                0x08005e74                UART_WaitOnFlagUntilTimeout
 *fill*         0x08005f4e        0x2 
 .text.UART_Start_Receive_DMA
                0x08005f50      0x140 ./Drivers/STM32F3xx_HAL_Driver/Src/stm32f3xx_hal_uart.o
                0x08005f50                UART_Start_Receive_DMA
 .text.UART_EndTxTransfer
                0x08006090       0x4c ./Drivers/STM32F3xx_HAL_Driver/Src/stm32f3xx_hal_uart.o
 .text.UART_EndRxTransfer
                0x080060dc       0xc8 ./Drivers/STM32F3xx_HAL_Driver/Src/stm32f3xx_hal_uart.o
 .text.UART_DMAReceiveCplt
                0x080061a4      0x126 ./Drivers/STM32F3xx_HAL_Driver/Src/stm32f3xx_hal_uart.o
 .text.UART_DMARxHalfCplt
                0x080062ca       0x3e ./Drivers/STM32F3xx_HAL_Driver/Src/stm32f3xx_hal_uart.o
 .text.UART_DMAError
                0x08006308       0x7e ./Drivers/STM32F3xx_HAL_Driver/Src/stm32f3xx_hal_uart.o
 .text.UART_DMAAbortOnError
                0x08006386       0x2c ./Drivers/STM32F3xx_HAL_Driver/Src/stm32f3xx_hal_uart.o
 .text.UART_EndTransmit_IT
                0x080063b2       0x54 ./Drivers/STM32F3xx_HAL_Driver/Src/stm32f3xx_hal_uart.o
 .text.HAL_UARTEx_WakeupCallback
                0x08006406       0x14 ./Drivers/STM32F3xx_HAL_Driver/Src/stm32f3xx_hal_uart_ex.o
                0x08006406                HAL_UARTEx_WakeupCallback
 *fill*         0x0800641a        0x2 
 .text.i2c_wr   0x0800641c       0x44 ./Drivers/mpu6500/mpu6500.o
 .text.i2c_rd   0x08006460       0x44 ./Drivers/mpu6500/mpu6500.o
 .text.MPU6500_Init
                0x080064a4      0x130 ./Drivers/mpu6500/mpu6500.o
                0x080064a4                MPU6500_Init
 .text.MPU6500_ReadRaw
                0x080065d4       0xe4 ./Drivers/mpu6500/mpu6500.o
                0x080065d4                MPU6500_ReadRaw
 .text.read_gyroscope_z
                0x080066b8       0x90 ./Drivers/mpu6500/mpu6500.o
                0x080066b8                read_gyroscope_z
 .text.read_accelerometer_x
                0x08006748       0x8c ./Drivers/mpu6500/mpu6500.o
                0x08006748                read_accelerometer_x
 .text.memset   0x080067d4       0x10 C:/ST/STM32CubeIDE_1.19.0/STM32CubeIDE/plugins/com.st.stm32cube.ide.mcu.externaltools.gnu-tools-for-stm32.13.3.rel1.win32_1.0.0.202411081344/tools/bin/../lib/gcc/arm-none-eabi/13.3.1/../../../../arm-none-eabi/lib/thumb/v7e-m+fp/hard\libc_nano.a(libc_a-memset.o)
                0x080067d4                memset
 .text.__libc_init_array
                0x080067e4       0x48 C:/ST/STM32CubeIDE_1.19.0/STM32CubeIDE/plugins/com.st.stm32cube.ide.mcu.externaltools.gnu-tools-for-stm32.13.3.rel1.win32_1.0.0.202411081344/tools/bin/../lib/gcc/arm-none-eabi/13.3.1/../../../../arm-none-eabi/lib/thumb/v7e-m+fp/hard\libc_nano.a(libc_a-init.o)
                0x080067e4                __libc_init_array
 *(.glue_7)
 .glue_7        0x0800682c        0x0 linker stubs
 *(.glue_7t)
 .glue_7t       0x0800682c        0x0 linker stubs
 *(.eh_frame)
 .eh_frame      0x0800682c        0x0 C:/ST/STM32CubeIDE_1.19.0/STM32CubeIDE/plugins/com.st.stm32cube.ide.mcu.externaltools.gnu-tools-for-stm32.13.3.rel1.win32_1.0.0.202411081344/tools/bin/../lib/gcc/arm-none-eabi/13.3.1/thumb/v7e-m+fp/hard/crtbegin.o
 *(.init)
 .init          0x0800682c        0x4 C:/ST/STM32CubeIDE_1.19.0/STM32CubeIDE/plugins/com.st.stm32cube.ide.mcu.externaltools.gnu-tools-for-stm32.13.3.rel1.win32_1.0.0.202411081344/tools/bin/../lib/gcc/arm-none-eabi/13.3.1/thumb/v7e-m+fp/hard/crti.o
                0x0800682c                _init
 .init          0x08006830        0x8 C:/ST/STM32CubeIDE_1.19.0/STM32CubeIDE/plugins/com.st.stm32cube.ide.mcu.externaltools.gnu-tools-for-stm32.13.3.rel1.win32_1.0.0.202411081344/tools/bin/../lib/gcc/arm-none-eabi/13.3.1/thumb/v7e-m+fp/hard/crtn.o
 *(.fini)
 .fini          0x08006838        0x4 C:/ST/STM32CubeIDE_1.19.0/STM32CubeIDE/plugins/com.st.stm32cube.ide.mcu.externaltools.gnu-tools-for-stm32.13.3.rel1.win32_1.0.0.202411081344/tools/bin/../lib/gcc/arm-none-eabi/13.3.1/thumb/v7e-m+fp/hard/crti.o
                0x08006838                _fini
 .fini          0x0800683c        0x8 C:/ST/STM32CubeIDE_1.19.0/STM32CubeIDE/plugins/com.st.stm32cube.ide.mcu.externaltools.gnu-tools-for-stm32.13.3.rel1.win32_1.0.0.202411081344/tools/bin/../lib/gcc/arm-none-eabi/13.3.1/thumb/v7e-m+fp/hard/crtn.o
                0x08006844                        . = ALIGN (0x4)
                0x08006844                        _etext = .

.vfp11_veneer   0x08006844        0x0
 .vfp11_veneer  0x08006844        0x0 linker stubs

.v4_bx          0x08006844        0x0
 .v4_bx         0x08006844        0x0 linker stubs

.iplt           0x08006844        0x0
 .iplt          0x08006844        0x0 C:/ST/STM32CubeIDE_1.19.0/STM32CubeIDE/plugins/com.st.stm32cube.ide.mcu.externaltools.gnu-tools-for-stm32.13.3.rel1.win32_1.0.0.202411081344/tools/bin/../lib/gcc/arm-none-eabi/13.3.1/thumb/v7e-m+fp/hard/crtbegin.o

.rodata         0x08006844       0x38
                0x08006844                        . = ALIGN (0x4)
 *(.rodata)
 *(.rodata*)
 .rodata.AHBPrescTable
                0x08006844       0x10 ./Core/Src/system_stm32f3xx.o
                0x08006844                AHBPrescTable
 .rodata.APBPrescTable
                0x08006854        0x8 ./Core/Src/system_stm32f3xx.o
                0x08006854                APBPrescTable
 .rodata.aPLLMULFactorTable
                0x0800685c       0x10 ./Drivers/STM32F3xx_HAL_Driver/Src/stm32f3xx_hal_rcc.o
 .rodata.aPredivFactorTable
                0x0800686c       0x10 ./Drivers/STM32F3xx_HAL_Driver/Src/stm32f3xx_hal_rcc.o
                0x0800687c                        . = ALIGN (0x4)

.ARM.extab      0x0800687c        0x0
                0x0800687c                        . = ALIGN (0x4)
 *(.ARM.extab* .gnu.linkonce.armextab.*)
                0x0800687c                        . = ALIGN (0x4)

.ARM            0x0800687c        0x0
                0x0800687c                        . = ALIGN (0x4)
                0x0800687c                        __exidx_start = .
 *(.ARM.exidx*)
                0x0800687c                        __exidx_end = .
                0x0800687c                        . = ALIGN (0x4)

.preinit_array  0x0800687c        0x0
                0x0800687c                        . = ALIGN (0x4)
                0x0800687c                        PROVIDE (__preinit_array_start = .)
 *(.preinit_array*)
                0x0800687c                        PROVIDE (__preinit_array_end = .)
                0x0800687c                        . = ALIGN (0x4)

.init_array     0x0800687c        0x4
                0x0800687c                        . = ALIGN (0x4)
                0x0800687c                        PROVIDE (__init_array_start = .)
 *(SORT_BY_NAME(.init_array.*))
 *(.init_array*)
 .init_array    0x0800687c        0x4 C:/ST/STM32CubeIDE_1.19.0/STM32CubeIDE/plugins/com.st.stm32cube.ide.mcu.externaltools.gnu-tools-for-stm32.13.3.rel1.win32_1.0.0.202411081344/tools/bin/../lib/gcc/arm-none-eabi/13.3.1/thumb/v7e-m+fp/hard/crtbegin.o
                0x08006880                        PROVIDE (__init_array_end = .)
                0x08006880                        . = ALIGN (0x4)

.fini_array     0x08006880        0x4
                0x08006880                        . = ALIGN (0x4)
                [!provide]                        PROVIDE (__fini_array_start = .)
 *(SORT_BY_NAME(.fini_array.*))
 *(.fini_array*)
 .fini_array    0x08006880        0x4 C:/ST/STM32CubeIDE_1.19.0/STM32CubeIDE/plugins/com.st.stm32cube.ide.mcu.externaltools.gnu-tools-for-stm32.13.3.rel1.win32_1.0.0.202411081344/tools/bin/../lib/gcc/arm-none-eabi/13.3.1/thumb/v7e-m+fp/hard/crtbegin.o
                [!provide]                        PROVIDE (__fini_array_end = .)
                0x08006884                        . = ALIGN (0x4)
                0x08006884                        _sidata = LOADADDR (.data)

.rel.dyn        0x08006884        0x0
 .rel.iplt      0x08006884        0x0 C:/ST/STM32CubeIDE_1.19.0/STM32CubeIDE/plugins/com.st.stm32cube.ide.mcu.externaltools.gnu-tools-for-stm32.13.3.rel1.win32_1.0.0.202411081344/tools/bin/../lib/gcc/arm-none-eabi/13.3.1/thumb/v7e-m+fp/hard/crtbegin.o

.data           0x20000000        0xc load address 0x08006884
                0x20000000                        . = ALIGN (0x4)
                0x20000000                        _sdata = .
 *(.data)
 *(.data*)
 .data.SystemCoreClock
                0x20000000        0x4 ./Core/Src/system_stm32f3xx.o
                0x20000000                SystemCoreClock
 .data.uwTickPrio
                0x20000004        0x4 ./Drivers/STM32F3xx_HAL_Driver/Src/stm32f3xx_hal.o
                0x20000004                uwTickPrio
 .data.uwTickFreq
                0x20000008        0x1 ./Drivers/STM32F3xx_HAL_Driver/Src/stm32f3xx_hal.o
                0x20000008                uwTickFreq
 *(.RamFunc)
 *(.RamFunc*)
                0x2000000c                        . = ALIGN (0x4)
 *fill*         0x20000009        0x3 
                0x2000000c                        _edata = .
                0x08006890                        _siccmram = LOADADDR (.ccmram)

.igot.plt       0x2000000c        0x0 load address 0x08006890
 .igot.plt      0x2000000c        0x0 C:/ST/STM32CubeIDE_1.19.0/STM32CubeIDE/plugins/com.st.stm32cube.ide.mcu.externaltools.gnu-tools-for-stm32.13.3.rel1.win32_1.0.0.202411081344/tools/bin/../lib/gcc/arm-none-eabi/13.3.1/thumb/v7e-m+fp/hard/crtbegin.o

.ccmram         0x10000000        0x0 load address 0x08006890
                0x10000000                        . = ALIGN (0x4)
                0x10000000                        _sccmram = .
 *(.ccmram)
 *(.ccmram*)
                0x10000000                        . = ALIGN (0x4)
                0x10000000                        _eccmram = .
                0x10000000                        . = ALIGN (0x4)

.bss            0x2000000c      0x3c0
                0x2000000c                        _sbss = .
                0x2000000c                        __bss_start__ = _sbss
 *(.bss)
 .bss           0x2000000c       0x1c C:/ST/STM32CubeIDE_1.19.0/STM32CubeIDE/plugins/com.st.stm32cube.ide.mcu.externaltools.gnu-tools-for-stm32.13.3.rel1.win32_1.0.0.202411081344/tools/bin/../lib/gcc/arm-none-eabi/13.3.1/thumb/v7e-m+fp/hard/crtbegin.o
 *(.bss*)
 .bss.pid_linear
                0x20000028        0x8 ./Core/Src/control.o
 .bss.pid_angular
                0x20000030        0x8 ./Core/Src/control.o
 .bss.hi2c1     0x20000038       0x54 ./Core/Src/main.o
                0x20000038                hi2c1
 .bss.htim1     0x2000008c       0x4c ./Core/Src/main.o
                0x2000008c                htim1
 .bss.huart2    0x200000d8       0x88 ./Core/Src/main.o
                0x200000d8                huart2
 .bss.hdma_usart2_rx
                0x20000160       0x44 ./Core/Src/main.o
                0x20000160                hdma_usart2_rx
 .bss.hdma_usart2_tx
                0x200001a4       0x44 ./Core/Src/main.o
                0x200001a4                hdma_usart2_tx
 .bss.motorLeft
                0x200001e8       0x18 ./Core/Src/main.o
                0x200001e8                motorLeft
 .bss.motorRight
                0x20000200       0x18 ./Core/Src/main.o
                0x20000200                motorRight
 .bss.s_huart   0x20000218        0x4 ./Core/Src/uart_comm.o
 .bss.s_rx_dma  0x2000021c       0x80 ./Core/Src/uart_comm.o
 .bss.s_dma_old_pos
                0x2000029c        0x2 ./Core/Src/uart_comm.o
 .bss.s_tx_busy
                0x2000029e        0x1 ./Core/Src/uart_comm.o
 *fill*         0x2000029f        0x1 
 .bss.s_rb      0x200002a0      0x100 ./Core/Src/uart_comm.o
 .bss.s_rb_w    0x200003a0        0x2 ./Core/Src/uart_comm.o
 .bss.s_rb_r    0x200003a2        0x2 ./Core/Src/uart_comm.o
 .bss.s_latest  0x200003a4       0x10 ./Core/Src/uart_comm.o
 .bss.uart_init_step
                0x200003b4        0x4 ./Core/Src/uart_comm.o
                0x200003b4                uart_init_step
 .bss.uart_init_st
                0x200003b8        0x1 ./Core/Src/uart_comm.o
                0x200003b8                uart_init_st
 *fill*         0x200003b9        0x3 
 .bss.uwTick    0x200003bc        0x4 ./Drivers/STM32F3xx_HAL_Driver/Src/stm32f3xx_hal.o
                0x200003bc                uwTick
 .bss.s_hi2c    0x200003c0        0x4 ./Drivers/mpu6500/mpu6500.o
 .bss.s_ax_off  0x200003c4        0x4 ./Drivers/mpu6500/mpu6500.o
 .bss.s_gz_off  0x200003c8        0x4 ./Drivers/mpu6500/mpu6500.o
 *(COMMON)
                0x200003cc                        . = ALIGN (0x4)
                0x200003cc                        _ebss = .
                0x200003cc                        __bss_end__ = _ebss

._user_heap_stack
                0x200003cc      0x604
                0x200003d0                        . = ALIGN (0x8)
 *fill*         0x200003cc        0x4 
                [!provide]                        PROVIDE (end = .)
                0x200003d0                        PROVIDE (_end = .)
                0x200005d0                        . = (. + _Min_Heap_Size)
 *fill*         0x200003d0      0x200 
                0x200009d0                        . = (. + _Min_Stack_Size)
 *fill*         0x200005d0      0x400 
                0x200009d0                        . = ALIGN (0x8)

/DISCARD/
 libc.a(*)
 libm.a(*)
 libgcc.a(*)

.ARM.attributes
                0x00000000       0x30
 *(.ARM.attributes)
 .ARM.attributes
                0x00000000       0x22 C:/ST/STM32CubeIDE_1.19.0/STM32CubeIDE/plugins/com.st.stm32cube.ide.mcu.externaltools.gnu-tools-for-stm32.13.3.rel1.win32_1.0.0.202411081344/tools/bin/../lib/gcc/arm-none-eabi/13.3.1/thumb/v7e-m+fp/hard/crti.o
 .ARM.attributes
                0x00000022       0x34 C:/ST/STM32CubeIDE_1.19.0/STM32CubeIDE/plugins/com.st.stm32cube.ide.mcu.externaltools.gnu-tools-for-stm32.13.3.rel1.win32_1.0.0.202411081344/tools/bin/../lib/gcc/arm-none-eabi/13.3.1/thumb/v7e-m+fp/hard/crtbegin.o
 .ARM.attributes
                0x00000056       0x34 ./Core/Src/control.o
 .ARM.attributes
                0x0000008a       0x34 ./Core/Src/main.o
 .ARM.attributes
                0x000000be       0x34 ./Core/Src/stm32f3xx_hal_msp.o
 .ARM.attributes
                0x000000f2       0x34 ./Core/Src/stm32f3xx_it.o
 .ARM.attributes
                0x00000126       0x34 ./Core/Src/system_stm32f3xx.o
 .ARM.attributes
                0x0000015a       0x34 ./Core/Src/uart_comm.o
 .ARM.attributes
                0x0000018e       0x21 ./Core/Startup/startup_stm32f303k8tx.o
 .ARM.attributes
                0x000001af       0x34 ./Drivers/STM32F3xx_HAL_Driver/Src/stm32f3xx_hal.o
 .ARM.attributes
                0x000001e3       0x34 ./Drivers/STM32F3xx_HAL_Driver/Src/stm32f3xx_hal_cortex.o
 .ARM.attributes
                0x00000217       0x34 ./Drivers/STM32F3xx_HAL_Driver/Src/stm32f3xx_hal_dma.o
 .ARM.attributes
                0x0000024b       0x34 ./Drivers/STM32F3xx_HAL_Driver/Src/stm32f3xx_hal_gpio.o
 .ARM.attributes
                0x0000027f       0x34 ./Drivers/STM32F3xx_HAL_Driver/Src/stm32f3xx_hal_i2c.o
 .ARM.attributes
                0x000002b3       0x34 ./Drivers/STM32F3xx_HAL_Driver/Src/stm32f3xx_hal_i2c_ex.o
 .ARM.attributes
                0x000002e7       0x34 ./Drivers/STM32F3xx_HAL_Driver/Src/stm32f3xx_hal_rcc.o
 .ARM.attributes
                0x0000031b       0x34 ./Drivers/STM32F3xx_HAL_Driver/Src/stm32f3xx_hal_rcc_ex.o
 .ARM.attributes
                0x0000034f       0x34 ./Drivers/STM32F3xx_HAL_Driver/Src/stm32f3xx_hal_tim.o
 .ARM.attributes
                0x00000383       0x34 ./Drivers/STM32F3xx_HAL_Driver/Src/stm32f3xx_hal_tim_ex.o
 .ARM.attributes
                0x000003b7       0x34 ./Drivers/STM32F3xx_HAL_Driver/Src/stm32f3xx_hal_uart.o
 .ARM.attributes
                0x000003eb       0x34 ./Drivers/STM32F3xx_HAL_Driver/Src/stm32f3xx_hal_uart_ex.o
 .ARM.attributes
                0x0000041f       0x34 ./Drivers/mpu6500/mpu6500.o
 .ARM.attributes
                0x00000453       0x34 C:/ST/STM32CubeIDE_1.19.0/STM32CubeIDE/plugins/com.st.stm32cube.ide.mcu.externaltools.gnu-tools-for-stm32.13.3.rel1.win32_1.0.0.202411081344/tools/bin/../lib/gcc/arm-none-eabi/13.3.1/../../../../arm-none-eabi/lib/thumb/v7e-m+fp/hard\libc_nano.a(libc_a-memset.o)
 .ARM.attributes
                0x00000487       0x34 C:/ST/STM32CubeIDE_1.19.0/STM32CubeIDE/plugins/com.st.stm32cube.ide.mcu.externaltools.gnu-tools-for-stm32.13.3.rel1.win32_1.0.0.202411081344/tools/bin/../lib/gcc/arm-none-eabi/13.3.1/../../../../arm-none-eabi/lib/thumb/v7e-m+fp/hard\libc_nano.a(libc_a-init.o)
 .ARM.attributes
                0x000004bb       0x22 C:/ST/STM32CubeIDE_1.19.0/STM32CubeIDE/plugins/com.st.stm32cube.ide.mcu.externaltools.gnu-tools-for-stm32.13.3.rel1.win32_1.0.0.202411081344/tools/bin/../lib/gcc/arm-none-eabi/13.3.1/thumb/v7e-m+fp/hard/crtn.o
OUTPUT(VRS_zadanie.elf elf32-littlearm)
LOAD linker stubs
LOAD C:/ST/STM32CubeIDE_1.19.0/STM32CubeIDE/plugins/com.st.stm32cube.ide.mcu.externaltools.gnu-tools-for-stm32.13.3.rel1.win32_1.0.0.202411081344/tools/bin/../lib/gcc/arm-none-eabi/13.3.1/../../../../arm-none-eabi/lib/thumb/v7e-m+fp/hard\libc.a
LOAD C:/ST/STM32CubeIDE_1.19.0/STM32CubeIDE/plugins/com.st.stm32cube.ide.mcu.externaltools.gnu-tools-for-stm32.13.3.rel1.win32_1.0.0.202411081344/tools/bin/../lib/gcc/arm-none-eabi/13.3.1/../../../../arm-none-eabi/lib/thumb/v7e-m+fp/hard\libm.a
LOAD C:/ST/STM32CubeIDE_1.19.0/STM32CubeIDE/plugins/com.st.stm32cube.ide.mcu.externaltools.gnu-tools-for-stm32.13.3.rel1.win32_1.0.0.202411081344/tools/bin/../lib/gcc/arm-none-eabi/13.3.1/thumb/v7e-m+fp/hard\libgcc.a

.debug_info     0x00000000    0x13f90
 .debug_info    0x00000000      0xa3d ./Core/Src/control.o
 .debug_info    0x00000a3d     0x1926 ./Core/Src/main.o
 .debug_info    0x00002363     0x1277 ./Core/Src/stm32f3xx_hal_msp.o
 .debug_info    0x000035da      0x754 ./Core/Src/stm32f3xx_it.o
 .debug_info    0x00003d2e      0x407 ./Core/Src/system_stm32f3xx.o
 .debug_info    0x00004135      0xba6 ./Core/Src/uart_comm.o
 .debug_info    0x00004cdb       0x30 ./Core/Startup/startup_stm32f303k8tx.o
 .debug_info    0x00004d0b      0x74a ./Drivers/STM32F3xx_HAL_Driver/Src/stm32f3xx_hal.o
 .debug_info    0x00005455      0xa87 ./Drivers/STM32F3xx_HAL_Driver/Src/stm32f3xx_hal_cortex.o
 .debug_info    0x00005edc      0x6e1 ./Drivers/STM32F3xx_HAL_Driver/Src/stm32f3xx_hal_dma.o
 .debug_info    0x000065bd      0x6a6 ./Drivers/STM32F3xx_HAL_Driver/Src/stm32f3xx_hal_gpio.o
 .debug_info    0x00006c63     0x20c3 ./Drivers/STM32F3xx_HAL_Driver/Src/stm32f3xx_hal_i2c.o
 .debug_info    0x00008d26      0x8c0 ./Drivers/STM32F3xx_HAL_Driver/Src/stm32f3xx_hal_i2c_ex.o
 .debug_info    0x000095e6     0x148a ./Drivers/STM32F3xx_HAL_Driver/Src/stm32f3xx_hal_rcc.o
 .debug_info    0x0000aa70      0x52e ./Drivers/STM32F3xx_HAL_Driver/Src/stm32f3xx_hal_rcc_ex.o
 .debug_info    0x0000af9e     0x2a70 ./Drivers/STM32F3xx_HAL_Driver/Src/stm32f3xx_hal_tim.o
 .debug_info    0x0000da0e     0x156d ./Drivers/STM32F3xx_HAL_Driver/Src/stm32f3xx_hal_tim_ex.o
 .debug_info    0x0000ef7b     0x39a8 ./Drivers/STM32F3xx_HAL_Driver/Src/stm32f3xx_hal_uart.o
 .debug_info    0x00012923      0xc9c ./Drivers/STM32F3xx_HAL_Driver/Src/stm32f3xx_hal_uart_ex.o
 .debug_info    0x000135bf      0x9d1 ./Drivers/mpu6500/mpu6500.o

.debug_abbrev   0x00000000     0x2b5d
 .debug_abbrev  0x00000000      0x1b7 ./Core/Src/control.o
 .debug_abbrev  0x000001b7      0x305 ./Core/Src/main.o
 .debug_abbrev  0x000004bc      0x259 ./Core/Src/stm32f3xx_hal_msp.o
 .debug_abbrev  0x00000715      0x18a ./Core/Src/stm32f3xx_it.o
 .debug_abbrev  0x0000089f      0x11a ./Core/Src/system_stm32f3xx.o
 .debug_abbrev  0x000009b9      0x2dd ./Core/Src/uart_comm.o
 .debug_abbrev  0x00000c96       0x24 ./Core/Startup/startup_stm32f303k8tx.o
 .debug_abbrev  0x00000cba      0x215 ./Drivers/STM32F3xx_HAL_Driver/Src/stm32f3xx_hal.o
 .debug_abbrev  0x00000ecf      0x2f8 ./Drivers/STM32F3xx_HAL_Driver/Src/stm32f3xx_hal_cortex.o
 .debug_abbrev  0x000011c7      0x20d ./Drivers/STM32F3xx_HAL_Driver/Src/stm32f3xx_hal_dma.o
 .debug_abbrev  0x000013d4      0x1ca ./Drivers/STM32F3xx_HAL_Driver/Src/stm32f3xx_hal_gpio.o
 .debug_abbrev  0x0000159e      0x260 ./Drivers/STM32F3xx_HAL_Driver/Src/stm32f3xx_hal_i2c.o
 .debug_abbrev  0x000017fe      0x1c2 ./Drivers/STM32F3xx_HAL_Driver/Src/stm32f3xx_hal_i2c_ex.o
 .debug_abbrev  0x000019c0      0x300 ./Drivers/STM32F3xx_HAL_Driver/Src/stm32f3xx_hal_rcc.o
 .debug_abbrev  0x00001cc0      0x221 ./Drivers/STM32F3xx_HAL_Driver/Src/stm32f3xx_hal_rcc_ex.o
 .debug_abbrev  0x00001ee1      0x278 ./Drivers/STM32F3xx_HAL_Driver/Src/stm32f3xx_hal_tim.o
 .debug_abbrev  0x00002159      0x283 ./Drivers/STM32F3xx_HAL_Driver/Src/stm32f3xx_hal_tim_ex.o
 .debug_abbrev  0x000023dc      0x2d1 ./Drivers/STM32F3xx_HAL_Driver/Src/stm32f3xx_hal_uart.o
 .debug_abbrev  0x000026ad      0x2bf ./Drivers/STM32F3xx_HAL_Driver/Src/stm32f3xx_hal_uart_ex.o
 .debug_abbrev  0x0000296c      0x1f1 ./Drivers/mpu6500/mpu6500.o

.debug_aranges  0x00000000     0x10d0
 .debug_aranges
                0x00000000       0x30 ./Core/Src/control.o
 .debug_aranges
                0x00000030       0x58 ./Core/Src/main.o
 .debug_aranges
                0x00000088       0x58 ./Core/Src/stm32f3xx_hal_msp.o
 .debug_aranges
                0x000000e0       0x78 ./Core/Src/stm32f3xx_it.o
 .debug_aranges
                0x00000158       0x28 ./Core/Src/system_stm32f3xx.o
 .debug_aranges
                0x00000180       0x88 ./Core/Src/uart_comm.o
 .debug_aranges
                0x00000208       0x28 ./Core/Startup/startup_stm32f303k8tx.o
 .debug_aranges
                0x00000230       0xe0 ./Drivers/STM32F3xx_HAL_Driver/Src/stm32f3xx_hal.o
 .debug_aranges
                0x00000310      0x100 ./Drivers/STM32F3xx_HAL_Driver/Src/stm32f3xx_hal_cortex.o
 .debug_aranges
                0x00000410       0x88 ./Drivers/STM32F3xx_HAL_Driver/Src/stm32f3xx_hal_dma.o
 .debug_aranges
                0x00000498       0x58 ./Drivers/STM32F3xx_HAL_Driver/Src/stm32f3xx_hal_gpio.o
 .debug_aranges
                0x000004f0      0x2a0 ./Drivers/STM32F3xx_HAL_Driver/Src/stm32f3xx_hal_i2c.o
 .debug_aranges
                0x00000790       0x48 ./Drivers/STM32F3xx_HAL_Driver/Src/stm32f3xx_hal_i2c_ex.o
 .debug_aranges
                0x000007d8       0x88 ./Drivers/STM32F3xx_HAL_Driver/Src/stm32f3xx_hal_rcc.o
 .debug_aranges
                0x00000860       0x38 ./Drivers/STM32F3xx_HAL_Driver/Src/stm32f3xx_hal_rcc_ex.o
 .debug_aranges
                0x00000898      0x3e0 ./Drivers/STM32F3xx_HAL_Driver/Src/stm32f3xx_hal_tim.o
 .debug_aranges
                0x00000c78      0x178 ./Drivers/STM32F3xx_HAL_Driver/Src/stm32f3xx_hal_tim_ex.o
 .debug_aranges
                0x00000df0      0x228 ./Drivers/STM32F3xx_HAL_Driver/Src/stm32f3xx_hal_uart.o
 .debug_aranges
                0x00001018       0x70 ./Drivers/STM32F3xx_HAL_Driver/Src/stm32f3xx_hal_uart_ex.o
 .debug_aranges
                0x00001088       0x48 ./Drivers/mpu6500/mpu6500.o

.debug_rnglists
                0x00000000      0xd54
 .debug_rnglists
                0x00000000       0x21 ./Core/Src/control.o
 .debug_rnglists
                0x00000021       0x42 ./Core/Src/main.o
 .debug_rnglists
                0x00000063       0x3f ./Core/Src/stm32f3xx_hal_msp.o
 .debug_rnglists
                0x000000a2       0x55 ./Core/Src/stm32f3xx_it.o
 .debug_rnglists
                0x000000f7       0x1a ./Core/Src/system_stm32f3xx.o
 .debug_rnglists
                0x00000111       0x7e ./Core/Src/uart_comm.o
 .debug_rnglists
                0x0000018f       0x19 ./Core/Startup/startup_stm32f303k8tx.o
 .debug_rnglists
                0x000001a8       0xa3 ./Drivers/STM32F3xx_HAL_Driver/Src/stm32f3xx_hal.o
 .debug_rnglists
                0x0000024b       0xbb ./Drivers/STM32F3xx_HAL_Driver/Src/stm32f3xx_hal_cortex.o
 .debug_rnglists
                0x00000306       0x69 ./Drivers/STM32F3xx_HAL_Driver/Src/stm32f3xx_hal_dma.o
 .debug_rnglists
                0x0000036f       0x3f ./Drivers/STM32F3xx_HAL_Driver/Src/stm32f3xx_hal_gpio.o
 .debug_rnglists
                0x000003ae      0x228 ./Drivers/STM32F3xx_HAL_Driver/Src/stm32f3xx_hal_i2c.o
 .debug_rnglists
                0x000005d6       0x35 ./Drivers/STM32F3xx_HAL_Driver/Src/stm32f3xx_hal_i2c_ex.o
 .debug_rnglists
                0x0000060b       0x66 ./Drivers/STM32F3xx_HAL_Driver/Src/stm32f3xx_hal_rcc.o
 .debug_rnglists
                0x00000671       0x27 ./Drivers/STM32F3xx_HAL_Driver/Src/stm32f3xx_hal_rcc_ex.o
 .debug_rnglists
                0x00000698      0x328 ./Drivers/STM32F3xx_HAL_Driver/Src/stm32f3xx_hal_tim.o
 .debug_rnglists
                0x000009c0      0x131 ./Drivers/STM32F3xx_HAL_Driver/Src/stm32f3xx_hal_tim_ex.o
 .debug_rnglists
                0x00000af1      0x1da ./Drivers/STM32F3xx_HAL_Driver/Src/stm32f3xx_hal_uart.o
 .debug_rnglists
                0x00000ccb       0x54 ./Drivers/STM32F3xx_HAL_Driver/Src/stm32f3xx_hal_uart_ex.o
 .debug_rnglists
                0x00000d1f       0x35 ./Drivers/mpu6500/mpu6500.o

.debug_macro    0x00000000    0x1b774
 .debug_macro   0x00000000      0x1d4 ./Core/Src/control.o
 .debug_macro   0x000001d4      0xad8 ./Core/Src/control.o
 .debug_macro   0x00000cac      0x15e ./Core/Src/control.o
 .debug_macro   0x00000e0a       0x2e ./Core/Src/control.o
 .debug_macro   0x00000e38       0x28 ./Core/Src/control.o
 .debug_macro   0x00000e60       0x22 ./Core/Src/control.o
 .debug_macro   0x00000e82       0x8e ./Core/Src/control.o
 .debug_macro   0x00000f10       0x51 ./Core/Src/control.o
 .debug_macro   0x00000f61      0x103 ./Core/Src/control.o
 .debug_macro   0x00001064       0x6a ./Core/Src/control.o
 .debug_macro   0x000010ce      0x1df ./Core/Src/control.o
 .debug_macro   0x000012ad       0x1c ./Core/Src/control.o
 .debug_macro   0x000012c9       0x22 ./Core/Src/control.o
 .debug_macro   0x000012eb       0xd9 ./Core/Src/control.o
 .debug_macro   0x000013c4      0xf07 ./Core/Src/control.o
 .debug_macro   0x000022cb    0x10be0 ./Core/Src/control.o
 .debug_macro   0x00012eab       0x6d ./Core/Src/control.o
 .debug_macro   0x00012f18     0x3574 ./Core/Src/control.o
 .debug_macro   0x0001648c      0x190 ./Core/Src/control.o
 .debug_macro   0x0001661c       0x55 ./Core/Src/control.o
 .debug_macro   0x00016671      0x8f8 ./Core/Src/control.o
 .debug_macro   0x00016f69      0x304 ./Core/Src/control.o
 .debug_macro   0x0001726d      0x1b5 ./Core/Src/control.o
 .debug_macro   0x00017422      0x11b ./Core/Src/control.o
 .debug_macro   0x0001753d      0x1d5 ./Core/Src/control.o
 .debug_macro   0x00017712      0x1bc ./Core/Src/control.o
 .debug_macro   0x000178ce       0x34 ./Core/Src/control.o
 .debug_macro   0x00017902       0x3c ./Core/Src/control.o
 .debug_macro   0x0001793e       0x57 ./Core/Src/control.o
 .debug_macro   0x00017995       0xc5 ./Core/Src/control.o
 .debug_macro   0x00017a5a      0x19f ./Core/Src/control.o
 .debug_macro   0x00017bf9      0x22c ./Core/Src/control.o
 .debug_macro   0x00017e25       0x5b ./Core/Src/control.o
 .debug_macro   0x00017e80       0xa5 ./Core/Src/control.o
 .debug_macro   0x00017f25       0x81 ./Core/Src/control.o
 .debug_macro   0x00017fa6       0xd3 ./Core/Src/control.o
 .debug_macro   0x00018079      0xa60 ./Core/Src/control.o
 .debug_macro   0x00018ad9       0x59 ./Core/Src/control.o
 .debug_macro   0x00018b32      0x5ba ./Core/Src/control.o
 .debug_macro   0x000190ec       0x44 ./Core/Src/control.o
 .debug_macro   0x00019130      0x285 ./Core/Src/control.o
 .debug_macro   0x000193b5       0x1c ./Core/Src/control.o
 .debug_macro   0x000193d1      0x1f5 ./Core/Src/main.o
 .debug_macro   0x000195c6       0x22 ./Core/Src/main.o
 .debug_macro   0x000195e8       0x22 ./Core/Src/main.o
 .debug_macro   0x0001960a      0x1cf ./Core/Src/stm32f3xx_hal_msp.o
 .debug_macro   0x000197d9      0x1ec ./Core/Src/stm32f3xx_it.o
 .debug_macro   0x000199c5      0x1c5 ./Core/Src/system_stm32f3xx.o
 .debug_macro   0x00019b8a      0x2d0 ./Core/Src/uart_comm.o
 .debug_macro   0x00019e5a       0x61 ./Core/Src/uart_comm.o
 .debug_macro   0x00019ebb       0x10 ./Core/Src/uart_comm.o
 .debug_macro   0x00019ecb       0x20 ./Core/Src/uart_comm.o
 .debug_macro   0x00019eeb      0x1e9 ./Drivers/STM32F3xx_HAL_Driver/Src/stm32f3xx_hal.o
 .debug_macro   0x0001a0d4      0x1c5 ./Drivers/STM32F3xx_HAL_Driver/Src/stm32f3xx_hal_cortex.o
 .debug_macro   0x0001a299      0x1c5 ./Drivers/STM32F3xx_HAL_Driver/Src/stm32f3xx_hal_dma.o
 .debug_macro   0x0001a45e      0x1cc ./Drivers/STM32F3xx_HAL_Driver/Src/stm32f3xx_hal_gpio.o
 .debug_macro   0x0001a62a      0x291 ./Drivers/STM32F3xx_HAL_Driver/Src/stm32f3xx_hal_i2c.o
 .debug_macro   0x0001a8bb      0x1c5 ./Drivers/STM32F3xx_HAL_Driver/Src/stm32f3xx_hal_i2c_ex.o
 .debug_macro   0x0001aa80      0x1e9 ./Drivers/STM32F3xx_HAL_Driver/Src/stm32f3xx_hal_rcc.o
 .debug_macro   0x0001ac69      0x1c5 ./Drivers/STM32F3xx_HAL_Driver/Src/stm32f3xx_hal_rcc_ex.o
 .debug_macro   0x0001ae2e      0x1c6 ./Drivers/STM32F3xx_HAL_Driver/Src/stm32f3xx_hal_tim.o
 .debug_macro   0x0001aff4      0x1c5 ./Drivers/STM32F3xx_HAL_Driver/Src/stm32f3xx_hal_tim_ex.o
 .debug_macro   0x0001b1b9      0x1e2 ./Drivers/STM32F3xx_HAL_Driver/Src/stm32f3xx_hal_uart.o
 .debug_macro   0x0001b39b      0x1c5 ./Drivers/STM32F3xx_HAL_Driver/Src/stm32f3xx_hal_uart_ex.o
 .debug_macro   0x0001b560      0x214 ./Drivers/mpu6500/mpu6500.o

.debug_line     0x00000000    0x16048
 .debug_line    0x00000000      0x8bd ./Core/Src/control.o
 .debug_line    0x000008bd      0xa1a ./Core/Src/main.o
 .debug_line    0x000012d7      0x8b3 ./Core/Src/stm32f3xx_hal_msp.o
 .debug_line    0x00001b8a      0x876 ./Core/Src/stm32f3xx_it.o
 .debug_line    0x00002400      0x7dc ./Core/Src/system_stm32f3xx.o
 .debug_line    0x00002bdc      0xd6c ./Core/Src/uart_comm.o
 .debug_line    0x00003948       0x7a ./Core/Startup/startup_stm32f303k8tx.o
 .debug_line    0x000039c2      0xa18 ./Drivers/STM32F3xx_HAL_Driver/Src/stm32f3xx_hal.o
 .debug_line    0x000043da      0xbdc ./Drivers/STM32F3xx_HAL_Driver/Src/stm32f3xx_hal_cortex.o
 .debug_line    0x00004fb6      0xce2 ./Drivers/STM32F3xx_HAL_Driver/Src/stm32f3xx_hal_dma.o
 .debug_line    0x00005c98      0xb4f ./Drivers/STM32F3xx_HAL_Driver/Src/stm32f3xx_hal_gpio.o
 .debug_line    0x000067e7     0x3769 ./Drivers/STM32F3xx_HAL_Driver/Src/stm32f3xx_hal_i2c.o
 .debug_line    0x00009f50      0x8c8 ./Drivers/STM32F3xx_HAL_Driver/Src/stm32f3xx_hal_i2c_ex.o
 .debug_line    0x0000a818     0x1577 ./Drivers/STM32F3xx_HAL_Driver/Src/stm32f3xx_hal_rcc.o
 .debug_line    0x0000bd8f      0xad8 ./Drivers/STM32F3xx_HAL_Driver/Src/stm32f3xx_hal_rcc_ex.o
 .debug_line    0x0000c867     0x3ce3 ./Drivers/STM32F3xx_HAL_Driver/Src/stm32f3xx_hal_tim.o
 .debug_line    0x0001054a     0x19d7 ./Drivers/STM32F3xx_HAL_Driver/Src/stm32f3xx_hal_tim_ex.o
 .debug_line    0x00011f21     0x2c02 ./Drivers/STM32F3xx_HAL_Driver/Src/stm32f3xx_hal_uart.o
 .debug_line    0x00014b23      0xb47 ./Drivers/STM32F3xx_HAL_Driver/Src/stm32f3xx_hal_uart_ex.o
 .debug_line    0x0001566a      0x9de ./Drivers/mpu6500/mpu6500.o

.debug_str      0x00000000    0xa58d0
 .debug_str     0x00000000    0xa58d0 ./Core/Src/control.o
                              0x9de33 (size before relaxing)
 .debug_str     0x000a58d0    0x9ec1a ./Core/Src/main.o
 .debug_str     0x000a58d0    0x9e589 ./Core/Src/stm32f3xx_hal_msp.o
 .debug_str     0x000a58d0    0x9dc7a ./Core/Src/stm32f3xx_it.o
 .debug_str     0x000a58d0    0x9d7b9 ./Core/Src/system_stm32f3xx.o
 .debug_str     0x000a58d0    0xa0fcb ./Core/Src/uart_comm.o
 .debug_str     0x000a58d0       0x61 ./Core/Startup/startup_stm32f303k8tx.o
 .debug_str     0x000a58d0    0x9dea9 ./Drivers/STM32F3xx_HAL_Driver/Src/stm32f3xx_hal.o
 .debug_str     0x000a58d0    0x9ddce ./Drivers/STM32F3xx_HAL_Driver/Src/stm32f3xx_hal_cortex.o
 .debug_str     0x000a58d0    0x9db01 ./Drivers/STM32F3xx_HAL_Driver/Src/stm32f3xx_hal_dma.o
 .debug_str     0x000a58d0    0x9d998 ./Drivers/STM32F3xx_HAL_Driver/Src/stm32f3xx_hal_gpio.o
 .debug_str     0x000a58d0    0x9eab9 ./Drivers/STM32F3xx_HAL_Driver/Src/stm32f3xx_hal_i2c.o
 .debug_str     0x000a58d0    0x9dd36 ./Drivers/STM32F3xx_HAL_Driver/Src/stm32f3xx_hal_i2c_ex.o
 .debug_str     0x000a58d0    0x9dc59 ./Drivers/STM32F3xx_HAL_Driver/Src/stm32f3xx_hal_rcc.o
 .debug_str     0x000a58d0    0x9d958 ./Drivers/STM32F3xx_HAL_Driver/Src/stm32f3xx_hal_rcc_ex.o
 .debug_str     0x000a58d0    0x9ebf0 ./Drivers/STM32F3xx_HAL_Driver/Src/stm32f3xx_hal_tim.o
 .debug_str     0x000a58d0    0x9e436 ./Drivers/STM32F3xx_HAL_Driver/Src/stm32f3xx_hal_tim_ex.o
 .debug_str     0x000a58d0    0x9e4dc ./Drivers/STM32F3xx_HAL_Driver/Src/stm32f3xx_hal_uart.o
 .debug_str     0x000a58d0    0x9dde1 ./Drivers/STM32F3xx_HAL_Driver/Src/stm32f3xx_hal_uart_ex.o
 .debug_str     0x000a58d0    0x9dd82 ./Drivers/mpu6500/mpu6500.o

.comment        0x00000000       0x43
 .comment       0x00000000       0x43 ./Core/Src/control.o
                                 0x44 (size before relaxing)
 .comment       0x00000043       0x44 ./Core/Src/main.o
 .comment       0x00000043       0x44 ./Core/Src/stm32f3xx_hal_msp.o
 .comment       0x00000043       0x44 ./Core/Src/stm32f3xx_it.o
 .comment       0x00000043       0x44 ./Core/Src/system_stm32f3xx.o
 .comment       0x00000043       0x44 ./Core/Src/uart_comm.o
 .comment       0x00000043       0x44 ./Drivers/STM32F3xx_HAL_Driver/Src/stm32f3xx_hal.o
 .comment       0x00000043       0x44 ./Drivers/STM32F3xx_HAL_Driver/Src/stm32f3xx_hal_cortex.o
 .comment       0x00000043       0x44 ./Drivers/STM32F3xx_HAL_Driver/Src/stm32f3xx_hal_dma.o
 .comment       0x00000043       0x44 ./Drivers/STM32F3xx_HAL_Driver/Src/stm32f3xx_hal_gpio.o
 .comment       0x00000043       0x44 ./Drivers/STM32F3xx_HAL_Driver/Src/stm32f3xx_hal_i2c.o
 .comment       0x00000043       0x44 ./Drivers/STM32F3xx_HAL_Driver/Src/stm32f3xx_hal_i2c_ex.o
 .comment       0x00000043       0x44 ./Drivers/STM32F3xx_HAL_Driver/Src/stm32f3xx_hal_rcc.o
 .comment       0x00000043       0x44 ./Drivers/STM32F3xx_HAL_Driver/Src/stm32f3xx_hal_rcc_ex.o
 .comment       0x00000043       0x44 ./Drivers/STM32F3xx_HAL_Driver/Src/stm32f3xx_hal_tim.o
 .comment       0x00000043       0x44 ./Drivers/STM32F3xx_HAL_Driver/Src/stm32f3xx_hal_tim_ex.o
 .comment       0x00000043       0x44 ./Drivers/STM32F3xx_HAL_Driver/Src/stm32f3xx_hal_uart.o
 .comment       0x00000043       0x44 ./Drivers/STM32F3xx_HAL_Driver/Src/stm32f3xx_hal_uart_ex.o
 .comment       0x00000043       0x44 ./Drivers/mpu6500/mpu6500.o

.debug_frame    0x00000000     0x46d0
 .debug_frame   0x00000000       0x7c ./Core/Src/control.o
 .debug_frame   0x0000007c      0x110 ./Core/Src/main.o
 .debug_frame   0x0000018c      0x13c ./Core/Src/stm32f3xx_hal_msp.o
 .debug_frame   0x000002c8      0x158 ./Core/Src/stm32f3xx_it.o
 .debug_frame   0x00000420       0x58 ./Core/Src/system_stm32f3xx.o
 .debug_frame   0x00000478      0x218 ./Core/Src/uart_comm.o
 .debug_frame   0x00000690      0x334 ./Drivers/STM32F3xx_HAL_Driver/Src/stm32f3xx_hal.o
 .debug_frame   0x000009c4      0x428 ./Drivers/STM32F3xx_HAL_Driver/Src/stm32f3xx_hal_cortex.o
 .debug_frame   0x00000dec      0x224 ./Drivers/STM32F3xx_HAL_Driver/Src/stm32f3xx_hal_dma.o
 .debug_frame   0x00001010      0x14c ./Drivers/STM32F3xx_HAL_Driver/Src/stm32f3xx_hal_gpio.o
 .debug_frame   0x0000115c      0xc38 ./Drivers/STM32F3xx_HAL_Driver/Src/stm32f3xx_hal_i2c.o
 .debug_frame   0x00001d94      0x100 ./Drivers/STM32F3xx_HAL_Driver/Src/stm32f3xx_hal_i2c_ex.o
 .debug_frame   0x00001e94      0x214 ./Drivers/STM32F3xx_HAL_Driver/Src/stm32f3xx_hal_rcc.o
 .debug_frame   0x000020a8       0xac ./Drivers/STM32F3xx_HAL_Driver/Src/stm32f3xx_hal_rcc_ex.o
 .debug_frame   0x00002154     0x1218 ./Drivers/STM32F3xx_HAL_Driver/Src/stm32f3xx_hal_tim.o
 .debug_frame   0x0000336c      0x688 ./Drivers/STM32F3xx_HAL_Driver/Src/stm32f3xx_hal_tim_ex.o
 .debug_frame   0x000039f4      0x9e8 ./Drivers/STM32F3xx_HAL_Driver/Src/stm32f3xx_hal_uart.o
 .debug_frame   0x000043dc      0x1b4 ./Drivers/STM32F3xx_HAL_Driver/Src/stm32f3xx_hal_uart_ex.o
 .debug_frame   0x00004590       0xf4 ./Drivers/mpu6500/mpu6500.o
 .debug_frame   0x00004684       0x20 C:/ST/STM32CubeIDE_1.19.0/STM32CubeIDE/plugins/com.st.stm32cube.ide.mcu.externaltools.gnu-tools-for-stm32.13.3.rel1.win32_1.0.0.202411081344/tools/bin/../lib/gcc/arm-none-eabi/13.3.1/../../../../arm-none-eabi/lib/thumb/v7e-m+fp/hard\libc_nano.a(libc_a-memset.o)
 .debug_frame   0x000046a4       0x2c C:/ST/STM32CubeIDE_1.19.0/STM32CubeIDE/plugins/com.st.stm32cube.ide.mcu.externaltools.gnu-tools-for-stm32.13.3.rel1.win32_1.0.0.202411081344/tools/bin/../lib/gcc/arm-none-eabi/13.3.1/../../../../arm-none-eabi/lib/thumb/v7e-m+fp/hard\libc_nano.a(libc_a-init.o)

.debug_line_str
                0x00000000       0x45
 .debug_line_str
                0x00000000       0x45 ./Core/Startup/startup_stm32f303k8tx.o
