../Core/Src/uart_comm.c:52:17:crc16_ccitt_false	24	static
../Core/Src/uart_comm.c:64:13:rb_push	24	static
../Core/Src/uart_comm.c:74:13:rb_peek	24	static
../Core/Src/uart_comm.c:84:13:rb_drop	24	static
../Core/Src/uart_comm.c:96:17:uartcomm_drain_dma_to_rb	32	static
../Core/Src/uart_comm.c:139:13:uartcomm_on_dma_rx_event	16	static
../Core/Src/uart_comm.c:147:6:UARTComm_Init	16	static
../Core/Src/uart_comm.c:190:19:UARTComm_TransmitDMA	16	static
../Core/Src/uart_comm.c:204:6:HAL_UART_TxCpltCallback	16	static
../Core/Src/uart_comm.c:214:6:HAL_UART_RxHalfCpltCallback	16	static
../Core/Src/uart_comm.c:223:6:HAL_UART_RxCpltCallback	16	static
../Core/Src/uart_comm.c:229:6:UARTComm_OnUartIrq	16	static
../Core/Src/uart_comm.c:237:13:parse_one_frame	40	static
../Core/Src/uart_comm.c:271:6:UARTComm_Process	16	static
../Core/Src/uart_comm.c:289:6:UARTComm_SendFloat	32	static
../Core/Src/uart_comm.c:309:8:UARTComm_GetLatestCmd	16	static
../Core/Src/uart_comm.c:311:7:read_linear_input	4	static
../Core/Src/uart_comm.c:312:7:read_angular_input	4	static
